[debug] [2025-11-13T01:02:02.416Z] ----------------------------------------------------------------------
[debug] [2025-11-13T01:02:02.418Z] Command:       /Users/ben/.nvm/versions/node/v21.1.0/bin/node /Users/ben/.nvm/versions/node/v21.1.0/bin/firebase deploy --only functions
[debug] [2025-11-13T01:02:02.419Z] CLI Version:   14.24.2
[debug] [2025-11-13T01:02:02.419Z] Platform:      darwin
[debug] [2025-11-13T01:02:02.420Z] Node Version:  v21.1.0
[debug] [2025-11-13T01:02:02.420Z] Time:          Wed Nov 12 2025 17:02:02 GMT-0800 (Pacific Standard Time)
[debug] [2025-11-13T01:02:02.421Z] ----------------------------------------------------------------------
[debug] 
[debug] [2025-11-13T01:02:02.537Z] Object "/functions" in "firebase.json" is missing required property: {"missingProperty":"source"}
[debug] [2025-11-13T01:02:02.538Z] Object "/functions" in "firebase.json" is missing required property: {"missingProperty":"remoteSource"}
[debug] [2025-11-13T01:02:02.539Z] Field "/functions" in "firebase.json" is possibly invalid: must be array
[debug] [2025-11-13T01:02:02.539Z] Field "/functions" in "firebase.json" is possibly invalid: must match a schema in anyOf
[debug] [2025-11-13T01:02:02.544Z] > command requires scopes: ["email","openid","https://www.googleapis.com/auth/cloudplatformprojects.readonly","https://www.googleapis.com/auth/firebase","https://www.googleapis.com/auth/cloud-platform"]
[debug] [2025-11-13T01:02:02.544Z] > authorizing via signed-in user (ben.yue.hu2@gmail.com)
[debug] [2025-11-13T01:02:02.544Z] [iam] checking project catch-72b09 for permissions ["cloudfunctions.functions.create","cloudfunctions.functions.delete","cloudfunctions.functions.get","cloudfunctions.functions.list","cloudfunctions.functions.update","cloudfunctions.operations.get","firebase.projects.get"]
[debug] [2025-11-13T01:02:02.545Z] Checked if tokens are valid: true, expires at: 1762999172400
[debug] [2025-11-13T01:02:02.545Z] Checked if tokens are valid: true, expires at: 1762999172400
[debug] [2025-11-13T01:02:02.547Z] >>> [apiv2][query] POST https://cloudresourcemanager.googleapis.com/v1/projects/catch-72b09:testIamPermissions [none]
[debug] [2025-11-13T01:02:02.547Z] >>> [apiv2][(partial)header] POST https://cloudresourcemanager.googleapis.com/v1/projects/catch-72b09:testIamPermissions x-goog-quota-user=projects/catch-72b09
[debug] [2025-11-13T01:02:02.547Z] >>> [apiv2][body] POST https://cloudresourcemanager.googleapis.com/v1/projects/catch-72b09:testIamPermissions {"permissions":["cloudfunctions.functions.create","cloudfunctions.functions.delete","cloudfunctions.functions.get","cloudfunctions.functions.list","cloudfunctions.functions.update","cloudfunctions.operations.get","firebase.projects.get"]}
[debug] [2025-11-13T01:02:02.690Z] <<< [apiv2][status] POST https://cloudresourcemanager.googleapis.com/v1/projects/catch-72b09:testIamPermissions 200
[debug] [2025-11-13T01:02:02.690Z] <<< [apiv2][body] POST https://cloudresourcemanager.googleapis.com/v1/projects/catch-72b09:testIamPermissions {"permissions":["cloudfunctions.functions.create","cloudfunctions.functions.delete","cloudfunctions.functions.get","cloudfunctions.functions.list","cloudfunctions.functions.update","cloudfunctions.operations.get","firebase.projects.get"]}
[debug] [2025-11-13T01:02:02.691Z] Checked if tokens are valid: true, expires at: 1762999172400
[debug] [2025-11-13T01:02:02.691Z] Checked if tokens are valid: true, expires at: 1762999172400
[debug] [2025-11-13T01:02:02.691Z] >>> [apiv2][query] POST https://iam.googleapis.com/v1/projects/catch-72b09/serviceAccounts/catch-72b09@appspot.gserviceaccount.com:testIamPermissions [none]
[debug] [2025-11-13T01:02:02.691Z] >>> [apiv2][body] POST https://iam.googleapis.com/v1/projects/catch-72b09/serviceAccounts/catch-72b09@appspot.gserviceaccount.com:testIamPermissions {"permissions":["iam.serviceAccounts.actAs"]}
[debug] [2025-11-13T01:02:03.057Z] <<< [apiv2][status] POST https://iam.googleapis.com/v1/projects/catch-72b09/serviceAccounts/catch-72b09@appspot.gserviceaccount.com:testIamPermissions 200
[debug] [2025-11-13T01:02:03.057Z] <<< [apiv2][body] POST https://iam.googleapis.com/v1/projects/catch-72b09/serviceAccounts/catch-72b09@appspot.gserviceaccount.com:testIamPermissions {"permissions":["iam.serviceAccounts.actAs"]}
[info] 
[info] === Deploying to 'catch-72b09'...
[info] 
[info] i  deploying functions 
[info] Running command: npm --prefix "$RESOURCE_DIR" run lint
[info] Running command: npm --prefix "$RESOURCE_DIR" run build
[info] ✔  functions: Finished running predeploy script. 
[debug] [2025-11-13T01:02:05.792Z] Checked if tokens are valid: true, expires at: 1762999172400
[debug] [2025-11-13T01:02:05.792Z] Checked if tokens are valid: true, expires at: 1762999172400
[debug] [2025-11-13T01:02:05.792Z] >>> [apiv2][query] GET https://serviceusage.googleapis.com/v1/projects/catch-72b09/services/cloudresourcemanager.googleapis.com [none]
[debug] [2025-11-13T01:02:05.792Z] >>> [apiv2][(partial)header] GET https://serviceusage.googleapis.com/v1/projects/catch-72b09/services/cloudresourcemanager.googleapis.com x-goog-quota-user=projects/catch-72b09
[debug] [2025-11-13T01:02:06.269Z] <<< [apiv2][status] GET https://serviceusage.googleapis.com/v1/projects/catch-72b09/services/cloudresourcemanager.googleapis.com 200
[debug] [2025-11-13T01:02:06.270Z] <<< [apiv2][body] GET https://serviceusage.googleapis.com/v1/projects/catch-72b09/services/cloudresourcemanager.googleapis.com [omitted]
[debug] [2025-11-13T01:02:06.281Z] Checked if tokens are valid: true, expires at: 1762999172400
[debug] [2025-11-13T01:02:06.281Z] Checked if tokens are valid: true, expires at: 1762999172400
[debug] [2025-11-13T01:02:06.282Z] >>> [apiv2][query] GET https://cloudresourcemanager.googleapis.com/v1/projects/catch-72b09 [none]
[debug] [2025-11-13T01:02:06.380Z] <<< [apiv2][status] GET https://cloudresourcemanager.googleapis.com/v1/projects/catch-72b09 200
[debug] [2025-11-13T01:02:06.381Z] <<< [apiv2][body] GET https://cloudresourcemanager.googleapis.com/v1/projects/catch-72b09 {"projectNumber":"155445952805","projectId":"catch-72b09","lifecycleState":"ACTIVE","name":"catch","labels":{"firebase":"enabled","firebase-core":"disabled"},"createTime":"2025-10-17T17:35:00.859653Z"}
[info] i  functions: preparing codebase default for deployment 
[info] i  functions: ensuring required API cloudfunctions.googleapis.com is enabled... 
[debug] [2025-11-13T01:02:06.383Z] Checked if tokens are valid: true, expires at: 1762999172400
[debug] [2025-11-13T01:02:06.384Z] Checked if tokens are valid: true, expires at: 1762999172400
[debug] [2025-11-13T01:02:06.384Z] Checked if tokens are valid: true, expires at: 1762999172400
[debug] [2025-11-13T01:02:06.384Z] Checked if tokens are valid: true, expires at: 1762999172400
[info] i  functions: ensuring required API cloudbuild.googleapis.com is enabled... 
[debug] [2025-11-13T01:02:06.384Z] Checked if tokens are valid: true, expires at: 1762999172400
[debug] [2025-11-13T01:02:06.385Z] Checked if tokens are valid: true, expires at: 1762999172400
[info] i  artifactregistry: ensuring required API artifactregistry.googleapis.com is enabled... 
[debug] [2025-11-13T01:02:06.385Z] Checked if tokens are valid: true, expires at: 1762999172400
[debug] [2025-11-13T01:02:06.385Z] Checked if tokens are valid: true, expires at: 1762999172400
[debug] [2025-11-13T01:02:06.385Z] >>> [apiv2][query] GET https://serviceusage.googleapis.com/v1/projects/catch-72b09/services/cloudfunctions.googleapis.com [none]
[debug] [2025-11-13T01:02:06.385Z] >>> [apiv2][(partial)header] GET https://serviceusage.googleapis.com/v1/projects/catch-72b09/services/cloudfunctions.googleapis.com x-goog-quota-user=projects/catch-72b09
[debug] [2025-11-13T01:02:06.387Z] >>> [apiv2][query] GET https://serviceusage.googleapis.com/v1/projects/catch-72b09/services/runtimeconfig.googleapis.com [none]
[debug] [2025-11-13T01:02:06.387Z] >>> [apiv2][(partial)header] GET https://serviceusage.googleapis.com/v1/projects/catch-72b09/services/runtimeconfig.googleapis.com x-goog-quota-user=projects/catch-72b09
[debug] [2025-11-13T01:02:06.389Z] >>> [apiv2][query] GET https://serviceusage.googleapis.com/v1/projects/catch-72b09/services/cloudbuild.googleapis.com [none]
[debug] [2025-11-13T01:02:06.389Z] >>> [apiv2][(partial)header] GET https://serviceusage.googleapis.com/v1/projects/catch-72b09/services/cloudbuild.googleapis.com x-goog-quota-user=projects/catch-72b09
[debug] [2025-11-13T01:02:06.391Z] >>> [apiv2][query] GET https://serviceusage.googleapis.com/v1/projects/catch-72b09/services/artifactregistry.googleapis.com [none]
[debug] [2025-11-13T01:02:06.391Z] >>> [apiv2][(partial)header] GET https://serviceusage.googleapis.com/v1/projects/catch-72b09/services/artifactregistry.googleapis.com x-goog-quota-user=projects/catch-72b09
[debug] [2025-11-13T01:02:06.568Z] <<< [apiv2][status] GET https://serviceusage.googleapis.com/v1/projects/catch-72b09/services/artifactregistry.googleapis.com 200
[debug] [2025-11-13T01:02:06.568Z] <<< [apiv2][body] GET https://serviceusage.googleapis.com/v1/projects/catch-72b09/services/artifactregistry.googleapis.com [omitted]
[warn] ⚠  artifactregistry: missing required API artifactregistry.googleapis.com. Enabling now... 
[debug] [2025-11-13T01:02:06.569Z] Checked if tokens are valid: true, expires at: 1762999172400
[debug] [2025-11-13T01:02:06.569Z] Checked if tokens are valid: true, expires at: 1762999172400
[debug] [2025-11-13T01:02:06.569Z] >>> [apiv2][query] POST https://serviceusage.googleapis.com/v1/projects/catch-72b09/services/artifactregistry.googleapis.com:enable [none]
[debug] [2025-11-13T01:02:06.570Z] >>> [apiv2][(partial)header] POST https://serviceusage.googleapis.com/v1/projects/catch-72b09/services/artifactregistry.googleapis.com:enable x-goog-quota-user=projects/catch-72b09
[debug] [2025-11-13T01:02:06.915Z] <<< [apiv2][status] GET https://serviceusage.googleapis.com/v1/projects/catch-72b09/services/runtimeconfig.googleapis.com 200
[debug] [2025-11-13T01:02:06.915Z] <<< [apiv2][body] GET https://serviceusage.googleapis.com/v1/projects/catch-72b09/services/runtimeconfig.googleapis.com [omitted]
[debug] [2025-11-13T01:02:06.921Z] <<< [apiv2][status] GET https://serviceusage.googleapis.com/v1/projects/catch-72b09/services/cloudbuild.googleapis.com 200
[debug] [2025-11-13T01:02:06.921Z] <<< [apiv2][body] GET https://serviceusage.googleapis.com/v1/projects/catch-72b09/services/cloudbuild.googleapis.com [omitted]
[warn] ⚠  functions: missing required API cloudbuild.googleapis.com. Enabling now... 
[debug] [2025-11-13T01:02:06.922Z] Checked if tokens are valid: true, expires at: 1762999172400
[debug] [2025-11-13T01:02:06.922Z] Checked if tokens are valid: true, expires at: 1762999172400
[debug] [2025-11-13T01:02:06.923Z] >>> [apiv2][query] POST https://serviceusage.googleapis.com/v1/projects/catch-72b09/services/cloudbuild.googleapis.com:enable [none]
[debug] [2025-11-13T01:02:06.923Z] >>> [apiv2][(partial)header] POST https://serviceusage.googleapis.com/v1/projects/catch-72b09/services/cloudbuild.googleapis.com:enable x-goog-quota-user=projects/catch-72b09
[debug] [2025-11-13T01:02:06.929Z] <<< [apiv2][status] GET https://serviceusage.googleapis.com/v1/projects/catch-72b09/services/cloudfunctions.googleapis.com 200
[debug] [2025-11-13T01:02:06.929Z] <<< [apiv2][body] GET https://serviceusage.googleapis.com/v1/projects/catch-72b09/services/cloudfunctions.googleapis.com [omitted]
[info] ✔  functions: required API cloudfunctions.googleapis.com is enabled 
[debug] [2025-11-13T01:02:06.977Z] <<< [apiv2][status] POST https://serviceusage.googleapis.com/v1/projects/catch-72b09/services/artifactregistry.googleapis.com:enable 200
[debug] [2025-11-13T01:02:06.977Z] <<< [apiv2][body] POST https://serviceusage.googleapis.com/v1/projects/catch-72b09/services/artifactregistry.googleapis.com:enable [omitted]
[debug] [2025-11-13T01:02:07.507Z] <<< [apiv2][status] POST https://serviceusage.googleapis.com/v1/projects/catch-72b09/services/cloudbuild.googleapis.com:enable 200
[debug] [2025-11-13T01:02:07.507Z] <<< [apiv2][body] POST https://serviceusage.googleapis.com/v1/projects/catch-72b09/services/cloudbuild.googleapis.com:enable [omitted]
[debug] [2025-11-13T01:02:17.517Z] Checked if tokens are valid: true, expires at: 1762999172400
[debug] [2025-11-13T01:02:17.523Z] Checked if tokens are valid: true, expires at: 1762999172400
[debug] [2025-11-13T01:02:17.525Z] >>> [apiv2][query] GET https://firebase.googleapis.com/v1beta1/projects/catch-72b09/adminSdkConfig [none]
[debug] [2025-11-13T01:02:18.013Z] <<< [apiv2][status] GET https://firebase.googleapis.com/v1beta1/projects/catch-72b09/adminSdkConfig 200
[debug] [2025-11-13T01:02:18.014Z] <<< [apiv2][body] GET https://firebase.googleapis.com/v1beta1/projects/catch-72b09/adminSdkConfig {"projectId":"catch-72b09","storageBucket":"catch-72b09.firebasestorage.app"}
[debug] [2025-11-13T01:02:18.014Z] Checked if tokens are valid: true, expires at: 1762999172400
[debug] [2025-11-13T01:02:18.014Z] Checked if tokens are valid: true, expires at: 1762999172400
[debug] [2025-11-13T01:02:18.014Z] >>> [apiv2][query] GET https://runtimeconfig.googleapis.com/v1beta1/projects/catch-72b09/configs [none]
[debug] [2025-11-13T01:02:18.231Z] <<< [apiv2][status] GET https://runtimeconfig.googleapis.com/v1beta1/projects/catch-72b09/configs 200
[debug] [2025-11-13T01:02:18.231Z] <<< [apiv2][body] GET https://runtimeconfig.googleapis.com/v1beta1/projects/catch-72b09/configs {}
[debug] [2025-11-13T01:02:18.235Z] Validating nodejs source
[error] 
[error] Error: Runtime Node.js 18 was decommissioned on 2025-10-30. To deploy you must first upgrade your runtime version.
[debug] [2025-11-13T01:02:30.602Z] ----------------------------------------------------------------------
[debug] [2025-11-13T01:02:30.604Z] Command:       /Users/ben/.nvm/versions/node/v21.1.0/bin/node /Users/ben/.nvm/versions/node/v21.1.0/bin/firebase deploy --only functions
[debug] [2025-11-13T01:02:30.605Z] CLI Version:   14.24.2
[debug] [2025-11-13T01:02:30.605Z] Platform:      darwin
[debug] [2025-11-13T01:02:30.605Z] Node Version:  v21.1.0
[debug] [2025-11-13T01:02:30.606Z] Time:          Wed Nov 12 2025 17:02:30 GMT-0800 (Pacific Standard Time)
[debug] [2025-11-13T01:02:30.607Z] ----------------------------------------------------------------------
[debug] 
[debug] [2025-11-13T01:02:30.718Z] Object "/functions" in "firebase.json" is missing required property: {"missingProperty":"source"}
[debug] [2025-11-13T01:02:30.719Z] Object "/functions" in "firebase.json" is missing required property: {"missingProperty":"remoteSource"}
[debug] [2025-11-13T01:02:30.720Z] Field "/functions" in "firebase.json" is possibly invalid: must be array
[debug] [2025-11-13T01:02:30.720Z] Field "/functions" in "firebase.json" is possibly invalid: must match a schema in anyOf
[debug] [2025-11-13T01:02:30.723Z] > command requires scopes: ["email","openid","https://www.googleapis.com/auth/cloudplatformprojects.readonly","https://www.googleapis.com/auth/firebase","https://www.googleapis.com/auth/cloud-platform"]
[debug] [2025-11-13T01:02:30.724Z] > authorizing via signed-in user (ben.yue.hu2@gmail.com)
[debug] [2025-11-13T01:02:30.724Z] [iam] checking project catch-72b09 for permissions ["cloudfunctions.functions.create","cloudfunctions.functions.delete","cloudfunctions.functions.get","cloudfunctions.functions.list","cloudfunctions.functions.update","cloudfunctions.operations.get","firebase.projects.get"]
[debug] [2025-11-13T01:02:30.724Z] Checked if tokens are valid: true, expires at: 1762999172400
[debug] [2025-11-13T01:02:30.725Z] Checked if tokens are valid: true, expires at: 1762999172400
[debug] [2025-11-13T01:02:30.726Z] >>> [apiv2][query] POST https://cloudresourcemanager.googleapis.com/v1/projects/catch-72b09:testIamPermissions [none]
[debug] [2025-11-13T01:02:30.727Z] >>> [apiv2][(partial)header] POST https://cloudresourcemanager.googleapis.com/v1/projects/catch-72b09:testIamPermissions x-goog-quota-user=projects/catch-72b09
[debug] [2025-11-13T01:02:30.727Z] >>> [apiv2][body] POST https://cloudresourcemanager.googleapis.com/v1/projects/catch-72b09:testIamPermissions {"permissions":["cloudfunctions.functions.create","cloudfunctions.functions.delete","cloudfunctions.functions.get","cloudfunctions.functions.list","cloudfunctions.functions.update","cloudfunctions.operations.get","firebase.projects.get"]}
[debug] [2025-11-13T01:02:30.834Z] <<< [apiv2][status] POST https://cloudresourcemanager.googleapis.com/v1/projects/catch-72b09:testIamPermissions 200
[debug] [2025-11-13T01:02:30.834Z] <<< [apiv2][body] POST https://cloudresourcemanager.googleapis.com/v1/projects/catch-72b09:testIamPermissions {"permissions":["cloudfunctions.functions.create","cloudfunctions.functions.delete","cloudfunctions.functions.get","cloudfunctions.functions.list","cloudfunctions.functions.update","cloudfunctions.operations.get","firebase.projects.get"]}
[debug] [2025-11-13T01:02:30.834Z] Checked if tokens are valid: true, expires at: 1762999172400
[debug] [2025-11-13T01:02:30.834Z] Checked if tokens are valid: true, expires at: 1762999172400
[debug] [2025-11-13T01:02:30.835Z] >>> [apiv2][query] POST https://iam.googleapis.com/v1/projects/catch-72b09/serviceAccounts/catch-72b09@appspot.gserviceaccount.com:testIamPermissions [none]
[debug] [2025-11-13T01:02:30.835Z] >>> [apiv2][body] POST https://iam.googleapis.com/v1/projects/catch-72b09/serviceAccounts/catch-72b09@appspot.gserviceaccount.com:testIamPermissions {"permissions":["iam.serviceAccounts.actAs"]}
[debug] [2025-11-13T01:02:31.007Z] <<< [apiv2][status] POST https://iam.googleapis.com/v1/projects/catch-72b09/serviceAccounts/catch-72b09@appspot.gserviceaccount.com:testIamPermissions 200
[debug] [2025-11-13T01:02:31.007Z] <<< [apiv2][body] POST https://iam.googleapis.com/v1/projects/catch-72b09/serviceAccounts/catch-72b09@appspot.gserviceaccount.com:testIamPermissions {"permissions":["iam.serviceAccounts.actAs"]}
[info] 
[info] === Deploying to 'catch-72b09'...
[info] 
[info] i  deploying functions 
[info] Running command: npm --prefix "$RESOURCE_DIR" run lint
[info] Running command: npm --prefix "$RESOURCE_DIR" run build
[info] ✔  functions: Finished running predeploy script. 
[debug] [2025-11-13T01:02:33.767Z] Checked if tokens are valid: true, expires at: 1762999172400
[debug] [2025-11-13T01:02:33.767Z] Checked if tokens are valid: true, expires at: 1762999172400
[debug] [2025-11-13T01:02:33.767Z] >>> [apiv2][query] GET https://cloudresourcemanager.googleapis.com/v1/projects/catch-72b09 [none]
[debug] [2025-11-13T01:02:33.847Z] <<< [apiv2][status] GET https://cloudresourcemanager.googleapis.com/v1/projects/catch-72b09 200
[debug] [2025-11-13T01:02:33.847Z] <<< [apiv2][body] GET https://cloudresourcemanager.googleapis.com/v1/projects/catch-72b09 {"projectNumber":"155445952805","projectId":"catch-72b09","lifecycleState":"ACTIVE","name":"catch","labels":{"firebase":"enabled","firebase-core":"disabled"},"createTime":"2025-10-17T17:35:00.859653Z"}
[info] i  functions: preparing codebase default for deployment 
[info] i  functions: ensuring required API cloudfunctions.googleapis.com is enabled... 
[info] i  functions: ensuring required API cloudbuild.googleapis.com is enabled... 
[info] i  artifactregistry: ensuring required API artifactregistry.googleapis.com is enabled... 
[debug] [2025-11-13T01:02:33.849Z] Checked if tokens are valid: true, expires at: 1762999172400
[debug] [2025-11-13T01:02:33.849Z] Checked if tokens are valid: true, expires at: 1762999172400
[debug] [2025-11-13T01:02:33.849Z] >>> [apiv2][query] GET https://firebase.googleapis.com/v1beta1/projects/catch-72b09/adminSdkConfig [none]
[debug] [2025-11-13T01:02:34.296Z] <<< [apiv2][status] GET https://firebase.googleapis.com/v1beta1/projects/catch-72b09/adminSdkConfig 200
[debug] [2025-11-13T01:02:34.297Z] <<< [apiv2][body] GET https://firebase.googleapis.com/v1beta1/projects/catch-72b09/adminSdkConfig {"projectId":"catch-72b09","storageBucket":"catch-72b09.firebasestorage.app"}
[debug] [2025-11-13T01:02:34.298Z] Checked if tokens are valid: true, expires at: 1762999172400
[debug] [2025-11-13T01:02:34.299Z] Checked if tokens are valid: true, expires at: 1762999172400
[debug] [2025-11-13T01:02:34.299Z] >>> [apiv2][query] GET https://runtimeconfig.googleapis.com/v1beta1/projects/catch-72b09/configs [none]
[debug] [2025-11-13T01:02:34.401Z] <<< [apiv2][status] GET https://runtimeconfig.googleapis.com/v1beta1/projects/catch-72b09/configs 200
[debug] [2025-11-13T01:02:34.401Z] <<< [apiv2][body] GET https://runtimeconfig.googleapis.com/v1beta1/projects/catch-72b09/configs {}
[debug] [2025-11-13T01:02:34.402Z] Validating nodejs source
[warn] ⚠  functions: package.json indicates an outdated version of firebase-functions. Please upgrade using npm install --save firebase-functions@latest in your functions directory. 
[warn] ⚠  functions: Please note that there will be breaking changes when you upgrade. 
[debug] [2025-11-13T01:02:34.833Z] > [functions] package.json contents: {
  "name": "functions",
  "scripts": {
    "lint": "tslint --project tsconfig.json",
    "build": "tsc",
    "serve": "npm run build && firebase emulators:start --only functions",
    "shell": "npm run build && firebase functions:shell",
    "start": "npm run shell",
    "deploy": "firebase deploy --only functions",
    "logs": "firebase functions:log"
  },
  "engines": {
    "node": "20"
  },
  "main": "lib/index.js",
  "dependencies": {
    "firebase-admin": "^8.10.0",
    "firebase-functions": "^3.6.1"
  },
  "devDependencies": {
    "tslint": "^5.12.0",
    "typescript": "^5.0.0",
    "firebase-functions-test": "^0.2.0"
  },
  "private": true
}
[debug] [2025-11-13T01:02:34.833Z] Building nodejs source
[info] i  functions: Loading and analyzing source code for codebase default to determine what to deploy 
[info] i  functions: You are using a version of firebase-functions SDK (3.24.1) that does not have support for the newest Firebase Extensions features. Please update firebase-functions SDK to >=5.1.0 to use them correctly 
[debug] [2025-11-13T01:02:34.834Z] Could not find functions.yaml. Must use http discovery
[debug] [2025-11-13T01:02:34.840Z] Found firebase-functions binary at '/Users/ben/projects/game_dev/catch-app/functions/node_modules/.bin/firebase-functions'
[info] Serving at port 8025

[debug] [2025-11-13T01:02:35.148Z] Got response from /__/functions.yaml {"endpoints":{"validateCatch":{"platform":"gcfv1","labels":{},"callableTrigger":{},"entryPoint":"validateCatch"}},"specVersion":"v1alpha1","requiredAPIs":[]}
[info] shutdown requested via /__/quitquitquit

[info] i  functions: preparing functions directory for uploading... 
[info] i  functions: packaged /Users/ben/projects/game_dev/catch-app/functions (44.65 KB) for uploading 
[debug] [2025-11-13T01:02:40.230Z] Checked if tokens are valid: true, expires at: 1762999172400
[debug] [2025-11-13T01:02:40.230Z] Checked if tokens are valid: true, expires at: 1762999172400
[debug] [2025-11-13T01:02:40.230Z] >>> [apiv2][query] GET https://cloudfunctions.googleapis.com/v1/projects/catch-72b09/locations/-/functions [none]
[debug] [2025-11-13T01:02:40.850Z] <<< [apiv2][status] GET https://cloudfunctions.googleapis.com/v1/projects/catch-72b09/locations/-/functions 200
[debug] [2025-11-13T01:02:40.850Z] <<< [apiv2][body] GET https://cloudfunctions.googleapis.com/v1/projects/catch-72b09/locations/-/functions {}
[debug] [2025-11-13T01:02:40.850Z] Checked if tokens are valid: true, expires at: 1762999172400
[debug] [2025-11-13T01:02:40.851Z] Checked if tokens are valid: true, expires at: 1762999172400
[debug] [2025-11-13T01:02:40.851Z] >>> [apiv2][query] GET https://cloudfunctions.googleapis.com/v2/projects/catch-72b09/locations/-/functions filter=environment%3D%22GEN_2%22
[debug] [2025-11-13T01:02:41.258Z] <<< [apiv2][status] GET https://cloudfunctions.googleapis.com/v2/projects/catch-72b09/locations/-/functions 200
[debug] [2025-11-13T01:02:41.258Z] <<< [apiv2][body] GET https://cloudfunctions.googleapis.com/v2/projects/catch-72b09/locations/-/functions {}
[debug] [2025-11-13T01:02:41.265Z] Checked if tokens are valid: true, expires at: 1762999172400
[debug] [2025-11-13T01:02:41.265Z] Checked if tokens are valid: true, expires at: 1762999172400
[debug] [2025-11-13T01:02:41.265Z] >>> [apiv2][query] GET https://cloudresourcemanager.googleapis.com/v1/projects/catch-72b09 [none]
[debug] [2025-11-13T01:02:41.403Z] <<< [apiv2][status] GET https://cloudresourcemanager.googleapis.com/v1/projects/catch-72b09 200
[debug] [2025-11-13T01:02:41.404Z] <<< [apiv2][body] GET https://cloudresourcemanager.googleapis.com/v1/projects/catch-72b09 {"projectNumber":"155445952805","projectId":"catch-72b09","lifecycleState":"ACTIVE","name":"catch","labels":{"firebase":"enabled","firebase-core":"disabled"},"createTime":"2025-10-17T17:35:00.859653Z"}
[debug] [2025-11-13T01:02:41.406Z] Checked if tokens are valid: true, expires at: 1762999172400
[debug] [2025-11-13T01:02:41.406Z] Checked if tokens are valid: true, expires at: 1762999172400
[debug] [2025-11-13T01:02:41.407Z] >>> [apiv2][query] POST https://cloudfunctions.googleapis.com/v1/projects/catch-72b09/locations/us-central1/functions:generateUploadUrl [none]
[debug] [2025-11-13T01:02:41.407Z] >>> [apiv2][body] POST https://cloudfunctions.googleapis.com/v1/projects/catch-72b09/locations/us-central1/functions:generateUploadUrl {}
[debug] [2025-11-13T01:02:51.415Z] <<< [apiv2][status] POST https://cloudfunctions.googleapis.com/v1/projects/catch-72b09/locations/us-central1/functions:generateUploadUrl 200
[debug] [2025-11-13T01:02:51.418Z] <<< [apiv2][body] POST https://cloudfunctions.googleapis.com/v1/projects/catch-72b09/locations/us-central1/functions:generateUploadUrl {"uploadUrl":"https://storage.googleapis.com/uploads-156506351207.us-central1.cloudfunctions.appspot.com/671f6d68-2a08-4b12-a236-d4b1f61d910c.zip?GoogleAccessId=service-155445952805@gcf-admin-robot.iam.gserviceaccount.com&Expires=1762997571&Signature=DTEyIkthUx7PcvUYcX22BW8dokBBykkwP80X8QDYRQ1O6i3z1wiNg6fFOlJUVew4iOJdFV7%2B23W8lEuLs9RSVglDOxAnsput%2FBFcAIaSDYkYw8uy1coNwqPf070XcoXuBMefrmPEmIl135abMSaikAN7Hy%2B5comHX9woeKzh%2FdjCXykDZSa8%2BQTUBeKJ4Q0esKXr34Dl1ejfDM4EibTm5cTbKJDSXQg%2FYnhR3JVtQbQG3rweGZVJZN1x%2FDQaq6FYYp%2FWa%2Fu6P%2BLBfza8F7zn3E5E5NlGJDqUqNILZYEJc9i749GwpCZUUZP9oOGjWAhaBc9fkbZGU2LAalxFp3LrTw%3D%3D"}
[debug] [2025-11-13T01:02:51.422Z] >>> [apiv2][query] PUT https://storage.googleapis.com/uploads-156506351207.us-central1.cloudfunctions.appspot.com/671f6d68-2a08-4b12-a236-d4b1f61d910c.zip GoogleAccessId=service-155445952805%40gcf-admin-robot.iam.gserviceaccount.com&Expires=1762997571&Signature=DTEyIkthUx7PcvUYcX22BW8dokBBykkwP80X8QDYRQ1O6i3z1wiNg6fFOlJUVew4iOJdFV7%2B23W8lEuLs9RSVglDOxAnsput%2FBFcAIaSDYkYw8uy1coNwqPf070XcoXuBMefrmPEmIl135abMSaikAN7Hy%2B5comHX9woeKzh%2FdjCXykDZSa8%2BQTUBeKJ4Q0esKXr34Dl1ejfDM4EibTm5cTbKJDSXQg%2FYnhR3JVtQbQG3rweGZVJZN1x%2FDQaq6FYYp%2FWa%2Fu6P%2BLBfza8F7zn3E5E5NlGJDqUqNILZYEJc9i749GwpCZUUZP9oOGjWAhaBc9fkbZGU2LAalxFp3LrTw%3D%3D
[debug] [2025-11-13T01:02:51.422Z] >>> [apiv2][body] PUT https://storage.googleapis.com/uploads-156506351207.us-central1.cloudfunctions.appspot.com/671f6d68-2a08-4b12-a236-d4b1f61d910c.zip [stream]
[debug] [2025-11-13T01:02:51.793Z] <<< [apiv2][status] PUT https://storage.googleapis.com/uploads-156506351207.us-central1.cloudfunctions.appspot.com/671f6d68-2a08-4b12-a236-d4b1f61d910c.zip 200
[debug] [2025-11-13T01:02:51.794Z] <<< [apiv2][body] PUT https://storage.googleapis.com/uploads-156506351207.us-central1.cloudfunctions.appspot.com/671f6d68-2a08-4b12-a236-d4b1f61d910c.zip [omitted]
[info] ✔  functions: functions source uploaded successfully 
[info] i  functions: creating Node.js 20 (1st Gen) function validateCatch(us-central1)... 
[debug] [2025-11-13T01:02:51.802Z] Checked if tokens are valid: true, expires at: 1762999172400
[debug] [2025-11-13T01:02:51.802Z] Checked if tokens are valid: true, expires at: 1762999172400
[debug] [2025-11-13T01:02:51.802Z] >>> [apiv2][query] POST https://cloudfunctions.googleapis.com/v1/projects/catch-72b09/locations/us-central1/functions [none]
[debug] [2025-11-13T01:02:51.802Z] >>> [apiv2][body] POST https://cloudfunctions.googleapis.com/v1/projects/catch-72b09/locations/us-central1/functions {"name":"projects/catch-72b09/locations/us-central1/functions/validateCatch","sourceUploadUrl":"https://storage.googleapis.com/uploads-156506351207.us-central1.cloudfunctions.appspot.com/671f6d68-2a08-4b12-a236-d4b1f61d910c.zip?GoogleAccessId=service-155445952805@gcf-admin-robot.iam.gserviceaccount.com&Expires=1762997571&Signature=DTEyIkthUx7PcvUYcX22BW8dokBBykkwP80X8QDYRQ1O6i3z1wiNg6fFOlJUVew4iOJdFV7%2B23W8lEuLs9RSVglDOxAnsput%2FBFcAIaSDYkYw8uy1coNwqPf070XcoXuBMefrmPEmIl135abMSaikAN7Hy%2B5comHX9woeKzh%2FdjCXykDZSa8%2BQTUBeKJ4Q0esKXr34Dl1ejfDM4EibTm5cTbKJDSXQg%2FYnhR3JVtQbQG3rweGZVJZN1x%2FDQaq6FYYp%2FWa%2Fu6P%2BLBfza8F7zn3E5E5NlGJDqUqNILZYEJc9i749GwpCZUUZP9oOGjWAhaBc9fkbZGU2LAalxFp3LrTw%3D%3D","entryPoint":"validateCatch","runtime":"nodejs20","dockerRegistry":"ARTIFACT_REGISTRY","labels":{"deployment-tool":"cli-firebase","deployment-callable":"true","firebase-functions-hash":"ed85ac13d05ca3a5b68a9093028400ff186fa9b9"},"httpsTrigger":{"securityLevel":"SECURE_ALWAYS"},"environmentVariables":{"FIREBASE_CONFIG":"{\"projectId\":\"catch-72b09\",\"storageBucket\":\"catch-72b09.firebasestorage.app\"}","GCLOUD_PROJECT":"catch-72b09","EVENTARC_CLOUD_EVENT_SOURCE":"projects/catch-72b09/locations/us-central1/functions/validateCatch"},"buildEnvironmentVariables":{"GOOGLE_NODE_RUN_SCRIPTS":""}}
[debug] [2025-11-13T01:02:53.443Z] <<< [apiv2][status] POST https://cloudfunctions.googleapis.com/v1/projects/catch-72b09/locations/us-central1/functions 200
[debug] [2025-11-13T01:02:53.444Z] <<< [apiv2][body] POST https://cloudfunctions.googleapis.com/v1/projects/catch-72b09/locations/us-central1/functions {"name":"operations/cHJvamVjdHMvY2F0Y2gtNzJiMDkvbG9jYXRpb25zL3VzLWNlbnRyYWwxL29wZXJhdGlvbnMvb3BlcmF0aW9uLTE3NjI5OTU3NzE5NDYtNjQzNmY3MGJhMzY4Zi04MDUxYWIzNi1hMWE3ZjQwYw","metadata":{"@type":"type.googleapis.com/google.cloud.functions.v1.OperationMetadataV1","target":"projects/catch-72b09/locations/us-central1/functions/validateCatch","updateTime":"2025-11-13T01:02:53.316184873Z"}}
[debug] [2025-11-13T01:02:53.446Z] Checked if tokens are valid: true, expires at: 1762999172400
[debug] [2025-11-13T01:02:53.446Z] Checked if tokens are valid: true, expires at: 1762999172400
[debug] [2025-11-13T01:02:53.447Z] >>> [apiv2][query] GET https://cloudfunctions.googleapis.com/v1/operations/cHJvamVjdHMvY2F0Y2gtNzJiMDkvbG9jYXRpb25zL3VzLWNlbnRyYWwxL29wZXJhdGlvbnMvb3BlcmF0aW9uLTE3NjI5OTU3NzE5NDYtNjQzNmY3MGJhMzY4Zi04MDUxYWIzNi1hMWE3ZjQwYw [none]
[debug] [2025-11-13T01:02:53.603Z] <<< [apiv2][status] GET https://cloudfunctions.googleapis.com/v1/operations/cHJvamVjdHMvY2F0Y2gtNzJiMDkvbG9jYXRpb25zL3VzLWNlbnRyYWwxL29wZXJhdGlvbnMvb3BlcmF0aW9uLTE3NjI5OTU3NzE5NDYtNjQzNmY3MGJhMzY4Zi04MDUxYWIzNi1hMWE3ZjQwYw 200
[debug] [2025-11-13T01:02:53.603Z] <<< [apiv2][body] GET https://cloudfunctions.googleapis.com/v1/operations/cHJvamVjdHMvY2F0Y2gtNzJiMDkvbG9jYXRpb25zL3VzLWNlbnRyYWwxL29wZXJhdGlvbnMvb3BlcmF0aW9uLTE3NjI5OTU3NzE5NDYtNjQzNmY3MGJhMzY4Zi04MDUxYWIzNi1hMWE3ZjQwYw {"name":"operations/cHJvamVjdHMvY2F0Y2gtNzJiMDkvbG9jYXRpb25zL3VzLWNlbnRyYWwxL29wZXJhdGlvbnMvb3BlcmF0aW9uLTE3NjI5OTU3NzE5NDYtNjQzNmY3MGJhMzY4Zi04MDUxYWIzNi1hMWE3ZjQwYw","metadata":{"@type":"type.googleapis.com/google.cloud.functions.v1.OperationMetadataV1","target":"projects/catch-72b09/locations/us-central1/functions/validateCatch","updateTime":"2025-11-13T01:02:53.316184873Z"}}
[debug] [2025-11-13T01:02:54.108Z] [create-default-us-central1-validateCatch] Retrying task index 0
[debug] [2025-11-13T01:02:54.109Z] Checked if tokens are valid: true, expires at: 1762999172400
[debug] [2025-11-13T01:02:54.110Z] Checked if tokens are valid: true, expires at: 1762999172400
[debug] [2025-11-13T01:02:54.111Z] >>> [apiv2][query] GET https://cloudfunctions.googleapis.com/v1/operations/cHJvamVjdHMvY2F0Y2gtNzJiMDkvbG9jYXRpb25zL3VzLWNlbnRyYWwxL29wZXJhdGlvbnMvb3BlcmF0aW9uLTE3NjI5OTU3NzE5NDYtNjQzNmY3MGJhMzY4Zi04MDUxYWIzNi1hMWE3ZjQwYw [none]
[debug] [2025-11-13T01:02:54.460Z] <<< [apiv2][status] GET https://cloudfunctions.googleapis.com/v1/operations/cHJvamVjdHMvY2F0Y2gtNzJiMDkvbG9jYXRpb25zL3VzLWNlbnRyYWwxL29wZXJhdGlvbnMvb3BlcmF0aW9uLTE3NjI5OTU3NzE5NDYtNjQzNmY3MGJhMzY4Zi04MDUxYWIzNi1hMWE3ZjQwYw 200
[debug] [2025-11-13T01:02:54.460Z] <<< [apiv2][body] GET https://cloudfunctions.googleapis.com/v1/operations/cHJvamVjdHMvY2F0Y2gtNzJiMDkvbG9jYXRpb25zL3VzLWNlbnRyYWwxL29wZXJhdGlvbnMvb3BlcmF0aW9uLTE3NjI5OTU3NzE5NDYtNjQzNmY3MGJhMzY4Zi04MDUxYWIzNi1hMWE3ZjQwYw {"name":"operations/cHJvamVjdHMvY2F0Y2gtNzJiMDkvbG9jYXRpb25zL3VzLWNlbnRyYWwxL29wZXJhdGlvbnMvb3BlcmF0aW9uLTE3NjI5OTU3NzE5NDYtNjQzNmY3MGJhMzY4Zi04MDUxYWIzNi1hMWE3ZjQwYw","metadata":{"@type":"type.googleapis.com/google.cloud.functions.v1.OperationMetadataV1","target":"projects/catch-72b09/locations/us-central1/functions/validateCatch","type":"CREATE_FUNCTION","request":{"@type":"type.googleapis.com/google.cloud.functions.v1.CloudFunction","name":"projects/catch-72b09/locations/us-central1/functions/validateCatch","httpsTrigger":{"securityLevel":"SECURE_ALWAYS"},"entryPoint":"validateCatch","updateTime":"1970-01-01T00:00:00Z","labels":{"deployment-tool":"cli-firebase","deployment-callable":"true","firebase-functions-hash":"ed85ac13d05ca3a5b68a9093028400ff186fa9b9"},"sourceUploadUrl":"https://storage.googleapis.com/uploads-156506351207.us-central1.cloudfunctions.appspot.com/671f6d68-2a08-4b12-a236-d4b1f61d910c.zip?GoogleAccessId=service-155445952805@gcf-admin-robot.iam.gserviceaccount.com&Expires=1762997571&Signature=DTEyIkthUx7PcvUYcX22BW8dokBBykkwP80X8QDYRQ1O6i3z1wiNg6fFOlJUVew4iOJdFV7%2B23W8lEuLs9RSVglDOxAnsput%2FBFcAIaSDYkYw8uy1coNwqPf070XcoXuBMefrmPEmIl135abMSaikAN7Hy%2B5comHX9woeKzh%2FdjCXykDZSa8%2BQTUBeKJ4Q0esKXr34Dl1ejfDM4EibTm5cTbKJDSXQg%2FYnhR3JVtQbQG3rweGZVJZN1x%2FDQaq6FYYp%2FWa%2Fu6P%2BLBfza8F7zn3E5E5NlGJDqUqNILZYEJc9i749GwpCZUUZP9oOGjWAhaBc9fkbZGU2LAalxFp3LrTw%3D%3D","environmentVariables":{"FIREBASE_CONFIG":"{\"projectId\":\"catch-72b09\",\"storageBucket\":\"catch-72b09.firebasestorage.app\"}","GCLOUD_PROJECT":"catch-72b09","EVENTARC_CLOUD_EVENT_SOURCE":"projects/catch-72b09/locations/us-central1/functions/validateCatch"},"runtime":"nodejs20","buildEnvironmentVariables":{"GOOGLE_NODE_RUN_SCRIPTS":""},"dockerRegistry":"ARTIFACT_REGISTRY"},"versionId":"1","updateTime":"2025-11-13T01:02:53.316184873Z"}}
[debug] [2025-11-13T01:02:55.461Z] [create-default-us-central1-validateCatch] Retrying task index 0
[debug] [2025-11-13T01:02:55.463Z] Checked if tokens are valid: true, expires at: 1762999172400
[debug] [2025-11-13T01:02:55.463Z] Checked if tokens are valid: true, expires at: 1762999172400
[debug] [2025-11-13T01:02:55.464Z] >>> [apiv2][query] GET https://cloudfunctions.googleapis.com/v1/operations/cHJvamVjdHMvY2F0Y2gtNzJiMDkvbG9jYXRpb25zL3VzLWNlbnRyYWwxL29wZXJhdGlvbnMvb3BlcmF0aW9uLTE3NjI5OTU3NzE5NDYtNjQzNmY3MGJhMzY4Zi04MDUxYWIzNi1hMWE3ZjQwYw [none]
[debug] [2025-11-13T01:02:55.618Z] <<< [apiv2][status] GET https://cloudfunctions.googleapis.com/v1/operations/cHJvamVjdHMvY2F0Y2gtNzJiMDkvbG9jYXRpb25zL3VzLWNlbnRyYWwxL29wZXJhdGlvbnMvb3BlcmF0aW9uLTE3NjI5OTU3NzE5NDYtNjQzNmY3MGJhMzY4Zi04MDUxYWIzNi1hMWE3ZjQwYw 200
[debug] [2025-11-13T01:02:55.618Z] <<< [apiv2][body] GET https://cloudfunctions.googleapis.com/v1/operations/cHJvamVjdHMvY2F0Y2gtNzJiMDkvbG9jYXRpb25zL3VzLWNlbnRyYWwxL29wZXJhdGlvbnMvb3BlcmF0aW9uLTE3NjI5OTU3NzE5NDYtNjQzNmY3MGJhMzY4Zi04MDUxYWIzNi1hMWE3ZjQwYw {"name":"operations/cHJvamVjdHMvY2F0Y2gtNzJiMDkvbG9jYXRpb25zL3VzLWNlbnRyYWwxL29wZXJhdGlvbnMvb3BlcmF0aW9uLTE3NjI5OTU3NzE5NDYtNjQzNmY3MGJhMzY4Zi04MDUxYWIzNi1hMWE3ZjQwYw","metadata":{"@type":"type.googleapis.com/google.cloud.functions.v1.OperationMetadataV1","target":"projects/catch-72b09/locations/us-central1/functions/validateCatch","type":"CREATE_FUNCTION","request":{"@type":"type.googleapis.com/google.cloud.functions.v1.CloudFunction","name":"projects/catch-72b09/locations/us-central1/functions/validateCatch","httpsTrigger":{"securityLevel":"SECURE_ALWAYS"},"entryPoint":"validateCatch","updateTime":"1970-01-01T00:00:00Z","labels":{"deployment-tool":"cli-firebase","deployment-callable":"true","firebase-functions-hash":"ed85ac13d05ca3a5b68a9093028400ff186fa9b9"},"sourceUploadUrl":"https://storage.googleapis.com/uploads-156506351207.us-central1.cloudfunctions.appspot.com/671f6d68-2a08-4b12-a236-d4b1f61d910c.zip?GoogleAccessId=service-155445952805@gcf-admin-robot.iam.gserviceaccount.com&Expires=1762997571&Signature=DTEyIkthUx7PcvUYcX22BW8dokBBykkwP80X8QDYRQ1O6i3z1wiNg6fFOlJUVew4iOJdFV7%2B23W8lEuLs9RSVglDOxAnsput%2FBFcAIaSDYkYw8uy1coNwqPf070XcoXuBMefrmPEmIl135abMSaikAN7Hy%2B5comHX9woeKzh%2FdjCXykDZSa8%2BQTUBeKJ4Q0esKXr34Dl1ejfDM4EibTm5cTbKJDSXQg%2FYnhR3JVtQbQG3rweGZVJZN1x%2FDQaq6FYYp%2FWa%2Fu6P%2BLBfza8F7zn3E5E5NlGJDqUqNILZYEJc9i749GwpCZUUZP9oOGjWAhaBc9fkbZGU2LAalxFp3LrTw%3D%3D","environmentVariables":{"FIREBASE_CONFIG":"{\"projectId\":\"catch-72b09\",\"storageBucket\":\"catch-72b09.firebasestorage.app\"}","GCLOUD_PROJECT":"catch-72b09","EVENTARC_CLOUD_EVENT_SOURCE":"projects/catch-72b09/locations/us-central1/functions/validateCatch"},"runtime":"nodejs20","buildEnvironmentVariables":{"GOOGLE_NODE_RUN_SCRIPTS":""},"dockerRegistry":"ARTIFACT_REGISTRY"},"versionId":"1","updateTime":"2025-11-13T01:02:53.316184873Z"}}
[debug] [2025-11-13T01:02:57.620Z] [create-default-us-central1-validateCatch] Retrying task index 0
[debug] [2025-11-13T01:02:57.623Z] Checked if tokens are valid: true, expires at: 1762999172400
[debug] [2025-11-13T01:02:57.623Z] Checked if tokens are valid: true, expires at: 1762999172400
[debug] [2025-11-13T01:02:57.624Z] >>> [apiv2][query] GET https://cloudfunctions.googleapis.com/v1/operations/cHJvamVjdHMvY2F0Y2gtNzJiMDkvbG9jYXRpb25zL3VzLWNlbnRyYWwxL29wZXJhdGlvbnMvb3BlcmF0aW9uLTE3NjI5OTU3NzE5NDYtNjQzNmY3MGJhMzY4Zi04MDUxYWIzNi1hMWE3ZjQwYw [none]
[debug] [2025-11-13T01:02:57.750Z] <<< [apiv2][status] GET https://cloudfunctions.googleapis.com/v1/operations/cHJvamVjdHMvY2F0Y2gtNzJiMDkvbG9jYXRpb25zL3VzLWNlbnRyYWwxL29wZXJhdGlvbnMvb3BlcmF0aW9uLTE3NjI5OTU3NzE5NDYtNjQzNmY3MGJhMzY4Zi04MDUxYWIzNi1hMWE3ZjQwYw 200
[debug] [2025-11-13T01:02:57.751Z] <<< [apiv2][body] GET https://cloudfunctions.googleapis.com/v1/operations/cHJvamVjdHMvY2F0Y2gtNzJiMDkvbG9jYXRpb25zL3VzLWNlbnRyYWwxL29wZXJhdGlvbnMvb3BlcmF0aW9uLTE3NjI5OTU3NzE5NDYtNjQzNmY3MGJhMzY4Zi04MDUxYWIzNi1hMWE3ZjQwYw {"name":"operations/cHJvamVjdHMvY2F0Y2gtNzJiMDkvbG9jYXRpb25zL3VzLWNlbnRyYWwxL29wZXJhdGlvbnMvb3BlcmF0aW9uLTE3NjI5OTU3NzE5NDYtNjQzNmY3MGJhMzY4Zi04MDUxYWIzNi1hMWE3ZjQwYw","metadata":{"@type":"type.googleapis.com/google.cloud.functions.v1.OperationMetadataV1","target":"projects/catch-72b09/locations/us-central1/functions/validateCatch","type":"CREATE_FUNCTION","request":{"@type":"type.googleapis.com/google.cloud.functions.v1.CloudFunction","name":"projects/catch-72b09/locations/us-central1/functions/validateCatch","httpsTrigger":{"securityLevel":"SECURE_ALWAYS"},"entryPoint":"validateCatch","updateTime":"1970-01-01T00:00:00Z","labels":{"deployment-tool":"cli-firebase","deployment-callable":"true","firebase-functions-hash":"ed85ac13d05ca3a5b68a9093028400ff186fa9b9"},"sourceUploadUrl":"https://storage.googleapis.com/uploads-156506351207.us-central1.cloudfunctions.appspot.com/671f6d68-2a08-4b12-a236-d4b1f61d910c.zip?GoogleAccessId=service-155445952805@gcf-admin-robot.iam.gserviceaccount.com&Expires=1762997571&Signature=DTEyIkthUx7PcvUYcX22BW8dokBBykkwP80X8QDYRQ1O6i3z1wiNg6fFOlJUVew4iOJdFV7%2B23W8lEuLs9RSVglDOxAnsput%2FBFcAIaSDYkYw8uy1coNwqPf070XcoXuBMefrmPEmIl135abMSaikAN7Hy%2B5comHX9woeKzh%2FdjCXykDZSa8%2BQTUBeKJ4Q0esKXr34Dl1ejfDM4EibTm5cTbKJDSXQg%2FYnhR3JVtQbQG3rweGZVJZN1x%2FDQaq6FYYp%2FWa%2Fu6P%2BLBfza8F7zn3E5E5NlGJDqUqNILZYEJc9i749GwpCZUUZP9oOGjWAhaBc9fkbZGU2LAalxFp3LrTw%3D%3D","environmentVariables":{"FIREBASE_CONFIG":"{\"projectId\":\"catch-72b09\",\"storageBucket\":\"catch-72b09.firebasestorage.app\"}","GCLOUD_PROJECT":"catch-72b09","EVENTARC_CLOUD_EVENT_SOURCE":"projects/catch-72b09/locations/us-central1/functions/validateCatch"},"runtime":"nodejs20","buildEnvironmentVariables":{"GOOGLE_NODE_RUN_SCRIPTS":""},"dockerRegistry":"ARTIFACT_REGISTRY"},"versionId":"1","updateTime":"2025-11-13T01:02:53.316184873Z"}}
[debug] [2025-11-13T01:03:01.752Z] [create-default-us-central1-validateCatch] Retrying task index 0
[debug] [2025-11-13T01:03:01.754Z] Checked if tokens are valid: true, expires at: 1762999172400
[debug] [2025-11-13T01:03:01.754Z] Checked if tokens are valid: true, expires at: 1762999172400
[debug] [2025-11-13T01:03:01.754Z] >>> [apiv2][query] GET https://cloudfunctions.googleapis.com/v1/operations/cHJvamVjdHMvY2F0Y2gtNzJiMDkvbG9jYXRpb25zL3VzLWNlbnRyYWwxL29wZXJhdGlvbnMvb3BlcmF0aW9uLTE3NjI5OTU3NzE5NDYtNjQzNmY3MGJhMzY4Zi04MDUxYWIzNi1hMWE3ZjQwYw [none]
[debug] [2025-11-13T01:03:01.878Z] <<< [apiv2][status] GET https://cloudfunctions.googleapis.com/v1/operations/cHJvamVjdHMvY2F0Y2gtNzJiMDkvbG9jYXRpb25zL3VzLWNlbnRyYWwxL29wZXJhdGlvbnMvb3BlcmF0aW9uLTE3NjI5OTU3NzE5NDYtNjQzNmY3MGJhMzY4Zi04MDUxYWIzNi1hMWE3ZjQwYw 200
[debug] [2025-11-13T01:03:01.878Z] <<< [apiv2][body] GET https://cloudfunctions.googleapis.com/v1/operations/cHJvamVjdHMvY2F0Y2gtNzJiMDkvbG9jYXRpb25zL3VzLWNlbnRyYWwxL29wZXJhdGlvbnMvb3BlcmF0aW9uLTE3NjI5OTU3NzE5NDYtNjQzNmY3MGJhMzY4Zi04MDUxYWIzNi1hMWE3ZjQwYw {"name":"operations/cHJvamVjdHMvY2F0Y2gtNzJiMDkvbG9jYXRpb25zL3VzLWNlbnRyYWwxL29wZXJhdGlvbnMvb3BlcmF0aW9uLTE3NjI5OTU3NzE5NDYtNjQzNmY3MGJhMzY4Zi04MDUxYWIzNi1hMWE3ZjQwYw","metadata":{"@type":"type.googleapis.com/google.cloud.functions.v1.OperationMetadataV1","target":"projects/catch-72b09/locations/us-central1/functions/validateCatch","type":"CREATE_FUNCTION","request":{"@type":"type.googleapis.com/google.cloud.functions.v1.CloudFunction","name":"projects/catch-72b09/locations/us-central1/functions/validateCatch","httpsTrigger":{"securityLevel":"SECURE_ALWAYS"},"entryPoint":"validateCatch","updateTime":"1970-01-01T00:00:00Z","labels":{"deployment-tool":"cli-firebase","deployment-callable":"true","firebase-functions-hash":"ed85ac13d05ca3a5b68a9093028400ff186fa9b9"},"sourceUploadUrl":"https://storage.googleapis.com/uploads-156506351207.us-central1.cloudfunctions.appspot.com/671f6d68-2a08-4b12-a236-d4b1f61d910c.zip?GoogleAccessId=service-155445952805@gcf-admin-robot.iam.gserviceaccount.com&Expires=1762997571&Signature=DTEyIkthUx7PcvUYcX22BW8dokBBykkwP80X8QDYRQ1O6i3z1wiNg6fFOlJUVew4iOJdFV7%2B23W8lEuLs9RSVglDOxAnsput%2FBFcAIaSDYkYw8uy1coNwqPf070XcoXuBMefrmPEmIl135abMSaikAN7Hy%2B5comHX9woeKzh%2FdjCXykDZSa8%2BQTUBeKJ4Q0esKXr34Dl1ejfDM4EibTm5cTbKJDSXQg%2FYnhR3JVtQbQG3rweGZVJZN1x%2FDQaq6FYYp%2FWa%2Fu6P%2BLBfza8F7zn3E5E5NlGJDqUqNILZYEJc9i749GwpCZUUZP9oOGjWAhaBc9fkbZGU2LAalxFp3LrTw%3D%3D","environmentVariables":{"FIREBASE_CONFIG":"{\"projectId\":\"catch-72b09\",\"storageBucket\":\"catch-72b09.firebasestorage.app\"}","GCLOUD_PROJECT":"catch-72b09","EVENTARC_CLOUD_EVENT_SOURCE":"projects/catch-72b09/locations/us-central1/functions/validateCatch"},"runtime":"nodejs20","buildEnvironmentVariables":{"GOOGLE_NODE_RUN_SCRIPTS":""},"dockerRegistry":"ARTIFACT_REGISTRY"},"versionId":"1","updateTime":"2025-11-13T01:02:53.316184873Z"}}
[debug] [2025-11-13T01:03:09.880Z] [create-default-us-central1-validateCatch] Retrying task index 0
[debug] [2025-11-13T01:03:09.882Z] Checked if tokens are valid: true, expires at: 1762999172400
[debug] [2025-11-13T01:03:09.882Z] Checked if tokens are valid: true, expires at: 1762999172400
[debug] [2025-11-13T01:03:09.883Z] >>> [apiv2][query] GET https://cloudfunctions.googleapis.com/v1/operations/cHJvamVjdHMvY2F0Y2gtNzJiMDkvbG9jYXRpb25zL3VzLWNlbnRyYWwxL29wZXJhdGlvbnMvb3BlcmF0aW9uLTE3NjI5OTU3NzE5NDYtNjQzNmY3MGJhMzY4Zi04MDUxYWIzNi1hMWE3ZjQwYw [none]
[debug] [2025-11-13T01:03:10.065Z] <<< [apiv2][status] GET https://cloudfunctions.googleapis.com/v1/operations/cHJvamVjdHMvY2F0Y2gtNzJiMDkvbG9jYXRpb25zL3VzLWNlbnRyYWwxL29wZXJhdGlvbnMvb3BlcmF0aW9uLTE3NjI5OTU3NzE5NDYtNjQzNmY3MGJhMzY4Zi04MDUxYWIzNi1hMWE3ZjQwYw 200
[debug] [2025-11-13T01:03:10.066Z] <<< [apiv2][body] GET https://cloudfunctions.googleapis.com/v1/operations/cHJvamVjdHMvY2F0Y2gtNzJiMDkvbG9jYXRpb25zL3VzLWNlbnRyYWwxL29wZXJhdGlvbnMvb3BlcmF0aW9uLTE3NjI5OTU3NzE5NDYtNjQzNmY3MGJhMzY4Zi04MDUxYWIzNi1hMWE3ZjQwYw {"name":"operations/cHJvamVjdHMvY2F0Y2gtNzJiMDkvbG9jYXRpb25zL3VzLWNlbnRyYWwxL29wZXJhdGlvbnMvb3BlcmF0aW9uLTE3NjI5OTU3NzE5NDYtNjQzNmY3MGJhMzY4Zi04MDUxYWIzNi1hMWE3ZjQwYw","metadata":{"@type":"type.googleapis.com/google.cloud.functions.v1.OperationMetadataV1","target":"projects/catch-72b09/locations/us-central1/functions/validateCatch","type":"CREATE_FUNCTION","request":{"@type":"type.googleapis.com/google.cloud.functions.v1.CloudFunction","name":"projects/catch-72b09/locations/us-central1/functions/validateCatch","httpsTrigger":{"securityLevel":"SECURE_ALWAYS"},"entryPoint":"validateCatch","updateTime":"1970-01-01T00:00:00Z","labels":{"deployment-tool":"cli-firebase","deployment-callable":"true","firebase-functions-hash":"ed85ac13d05ca3a5b68a9093028400ff186fa9b9"},"sourceUploadUrl":"https://storage.googleapis.com/uploads-156506351207.us-central1.cloudfunctions.appspot.com/671f6d68-2a08-4b12-a236-d4b1f61d910c.zip?GoogleAccessId=service-155445952805@gcf-admin-robot.iam.gserviceaccount.com&Expires=1762997571&Signature=DTEyIkthUx7PcvUYcX22BW8dokBBykkwP80X8QDYRQ1O6i3z1wiNg6fFOlJUVew4iOJdFV7%2B23W8lEuLs9RSVglDOxAnsput%2FBFcAIaSDYkYw8uy1coNwqPf070XcoXuBMefrmPEmIl135abMSaikAN7Hy%2B5comHX9woeKzh%2FdjCXykDZSa8%2BQTUBeKJ4Q0esKXr34Dl1ejfDM4EibTm5cTbKJDSXQg%2FYnhR3JVtQbQG3rweGZVJZN1x%2FDQaq6FYYp%2FWa%2Fu6P%2BLBfza8F7zn3E5E5NlGJDqUqNILZYEJc9i749GwpCZUUZP9oOGjWAhaBc9fkbZGU2LAalxFp3LrTw%3D%3D","environmentVariables":{"FIREBASE_CONFIG":"{\"projectId\":\"catch-72b09\",\"storageBucket\":\"catch-72b09.firebasestorage.app\"}","GCLOUD_PROJECT":"catch-72b09","EVENTARC_CLOUD_EVENT_SOURCE":"projects/catch-72b09/locations/us-central1/functions/validateCatch"},"runtime":"nodejs20","buildEnvironmentVariables":{"GOOGLE_NODE_RUN_SCRIPTS":""},"dockerRegistry":"ARTIFACT_REGISTRY"},"versionId":"1","updateTime":"2025-11-13T01:02:53.316184873Z"}}
[debug] [2025-11-13T01:03:20.069Z] [create-default-us-central1-validateCatch] Retrying task index 0
[debug] [2025-11-13T01:03:20.071Z] Checked if tokens are valid: true, expires at: 1762999172400
[debug] [2025-11-13T01:03:20.071Z] Checked if tokens are valid: true, expires at: 1762999172400
[debug] [2025-11-13T01:03:20.071Z] >>> [apiv2][query] GET https://cloudfunctions.googleapis.com/v1/operations/cHJvamVjdHMvY2F0Y2gtNzJiMDkvbG9jYXRpb25zL3VzLWNlbnRyYWwxL29wZXJhdGlvbnMvb3BlcmF0aW9uLTE3NjI5OTU3NzE5NDYtNjQzNmY3MGJhMzY4Zi04MDUxYWIzNi1hMWE3ZjQwYw [none]
[debug] [2025-11-13T01:03:20.377Z] <<< [apiv2][status] GET https://cloudfunctions.googleapis.com/v1/operations/cHJvamVjdHMvY2F0Y2gtNzJiMDkvbG9jYXRpb25zL3VzLWNlbnRyYWwxL29wZXJhdGlvbnMvb3BlcmF0aW9uLTE3NjI5OTU3NzE5NDYtNjQzNmY3MGJhMzY4Zi04MDUxYWIzNi1hMWE3ZjQwYw 200
[debug] [2025-11-13T01:03:20.378Z] <<< [apiv2][body] GET https://cloudfunctions.googleapis.com/v1/operations/cHJvamVjdHMvY2F0Y2gtNzJiMDkvbG9jYXRpb25zL3VzLWNlbnRyYWwxL29wZXJhdGlvbnMvb3BlcmF0aW9uLTE3NjI5OTU3NzE5NDYtNjQzNmY3MGJhMzY4Zi04MDUxYWIzNi1hMWE3ZjQwYw {"name":"operations/cHJvamVjdHMvY2F0Y2gtNzJiMDkvbG9jYXRpb25zL3VzLWNlbnRyYWwxL29wZXJhdGlvbnMvb3BlcmF0aW9uLTE3NjI5OTU3NzE5NDYtNjQzNmY3MGJhMzY4Zi04MDUxYWIzNi1hMWE3ZjQwYw","metadata":{"@type":"type.googleapis.com/google.cloud.functions.v1.OperationMetadataV1","target":"projects/catch-72b09/locations/us-central1/functions/validateCatch","type":"CREATE_FUNCTION","request":{"@type":"type.googleapis.com/google.cloud.functions.v1.CloudFunction","name":"projects/catch-72b09/locations/us-central1/functions/validateCatch","httpsTrigger":{"securityLevel":"SECURE_ALWAYS"},"entryPoint":"validateCatch","updateTime":"1970-01-01T00:00:00Z","labels":{"deployment-tool":"cli-firebase","deployment-callable":"true","firebase-functions-hash":"ed85ac13d05ca3a5b68a9093028400ff186fa9b9"},"sourceUploadUrl":"https://storage.googleapis.com/uploads-156506351207.us-central1.cloudfunctions.appspot.com/671f6d68-2a08-4b12-a236-d4b1f61d910c.zip?GoogleAccessId=service-155445952805@gcf-admin-robot.iam.gserviceaccount.com&Expires=1762997571&Signature=DTEyIkthUx7PcvUYcX22BW8dokBBykkwP80X8QDYRQ1O6i3z1wiNg6fFOlJUVew4iOJdFV7%2B23W8lEuLs9RSVglDOxAnsput%2FBFcAIaSDYkYw8uy1coNwqPf070XcoXuBMefrmPEmIl135abMSaikAN7Hy%2B5comHX9woeKzh%2FdjCXykDZSa8%2BQTUBeKJ4Q0esKXr34Dl1ejfDM4EibTm5cTbKJDSXQg%2FYnhR3JVtQbQG3rweGZVJZN1x%2FDQaq6FYYp%2FWa%2Fu6P%2BLBfza8F7zn3E5E5NlGJDqUqNILZYEJc9i749GwpCZUUZP9oOGjWAhaBc9fkbZGU2LAalxFp3LrTw%3D%3D","environmentVariables":{"FIREBASE_CONFIG":"{\"projectId\":\"catch-72b09\",\"storageBucket\":\"catch-72b09.firebasestorage.app\"}","GCLOUD_PROJECT":"catch-72b09","EVENTARC_CLOUD_EVENT_SOURCE":"projects/catch-72b09/locations/us-central1/functions/validateCatch"},"runtime":"nodejs20","buildEnvironmentVariables":{"GOOGLE_NODE_RUN_SCRIPTS":""},"dockerRegistry":"ARTIFACT_REGISTRY"},"versionId":"1","updateTime":"2025-11-13T01:02:53.316184873Z"}}
[debug] [2025-11-13T01:03:30.379Z] [create-default-us-central1-validateCatch] Retrying task index 0
[debug] [2025-11-13T01:03:30.380Z] Checked if tokens are valid: true, expires at: 1762999172400
[debug] [2025-11-13T01:03:30.380Z] Checked if tokens are valid: true, expires at: 1762999172400
[debug] [2025-11-13T01:03:30.380Z] >>> [apiv2][query] GET https://cloudfunctions.googleapis.com/v1/operations/cHJvamVjdHMvY2F0Y2gtNzJiMDkvbG9jYXRpb25zL3VzLWNlbnRyYWwxL29wZXJhdGlvbnMvb3BlcmF0aW9uLTE3NjI5OTU3NzE5NDYtNjQzNmY3MGJhMzY4Zi04MDUxYWIzNi1hMWE3ZjQwYw [none]
[debug] [2025-11-13T01:03:30.701Z] <<< [apiv2][status] GET https://cloudfunctions.googleapis.com/v1/operations/cHJvamVjdHMvY2F0Y2gtNzJiMDkvbG9jYXRpb25zL3VzLWNlbnRyYWwxL29wZXJhdGlvbnMvb3BlcmF0aW9uLTE3NjI5OTU3NzE5NDYtNjQzNmY3MGJhMzY4Zi04MDUxYWIzNi1hMWE3ZjQwYw 200
[debug] [2025-11-13T01:03:30.702Z] <<< [apiv2][body] GET https://cloudfunctions.googleapis.com/v1/operations/cHJvamVjdHMvY2F0Y2gtNzJiMDkvbG9jYXRpb25zL3VzLWNlbnRyYWwxL29wZXJhdGlvbnMvb3BlcmF0aW9uLTE3NjI5OTU3NzE5NDYtNjQzNmY3MGJhMzY4Zi04MDUxYWIzNi1hMWE3ZjQwYw {"name":"operations/cHJvamVjdHMvY2F0Y2gtNzJiMDkvbG9jYXRpb25zL3VzLWNlbnRyYWwxL29wZXJhdGlvbnMvb3BlcmF0aW9uLTE3NjI5OTU3NzE5NDYtNjQzNmY3MGJhMzY4Zi04MDUxYWIzNi1hMWE3ZjQwYw","metadata":{"@type":"type.googleapis.com/google.cloud.functions.v1.OperationMetadataV1","target":"projects/catch-72b09/locations/us-central1/functions/validateCatch","type":"CREATE_FUNCTION","request":{"@type":"type.googleapis.com/google.cloud.functions.v1.CloudFunction","name":"projects/catch-72b09/locations/us-central1/functions/validateCatch","httpsTrigger":{"securityLevel":"SECURE_ALWAYS"},"entryPoint":"validateCatch","updateTime":"1970-01-01T00:00:00Z","labels":{"deployment-tool":"cli-firebase","deployment-callable":"true","firebase-functions-hash":"ed85ac13d05ca3a5b68a9093028400ff186fa9b9"},"sourceUploadUrl":"https://storage.googleapis.com/uploads-156506351207.us-central1.cloudfunctions.appspot.com/671f6d68-2a08-4b12-a236-d4b1f61d910c.zip?GoogleAccessId=service-155445952805@gcf-admin-robot.iam.gserviceaccount.com&Expires=1762997571&Signature=DTEyIkthUx7PcvUYcX22BW8dokBBykkwP80X8QDYRQ1O6i3z1wiNg6fFOlJUVew4iOJdFV7%2B23W8lEuLs9RSVglDOxAnsput%2FBFcAIaSDYkYw8uy1coNwqPf070XcoXuBMefrmPEmIl135abMSaikAN7Hy%2B5comHX9woeKzh%2FdjCXykDZSa8%2BQTUBeKJ4Q0esKXr34Dl1ejfDM4EibTm5cTbKJDSXQg%2FYnhR3JVtQbQG3rweGZVJZN1x%2FDQaq6FYYp%2FWa%2Fu6P%2BLBfza8F7zn3E5E5NlGJDqUqNILZYEJc9i749GwpCZUUZP9oOGjWAhaBc9fkbZGU2LAalxFp3LrTw%3D%3D","environmentVariables":{"FIREBASE_CONFIG":"{\"projectId\":\"catch-72b09\",\"storageBucket\":\"catch-72b09.firebasestorage.app\"}","GCLOUD_PROJECT":"catch-72b09","EVENTARC_CLOUD_EVENT_SOURCE":"projects/catch-72b09/locations/us-central1/functions/validateCatch"},"runtime":"nodejs20","buildEnvironmentVariables":{"GOOGLE_NODE_RUN_SCRIPTS":""},"dockerRegistry":"ARTIFACT_REGISTRY"},"versionId":"1","updateTime":"2025-11-13T01:02:53.316184873Z","buildId":"2a7f9c50-0532-43b8-aecd-7dc22ee035e6","buildName":"projects/155445952805/locations/us-central1/builds/2a7f9c50-0532-43b8-aecd-7dc22ee035e6"}}
[debug] [2025-11-13T01:03:40.703Z] [create-default-us-central1-validateCatch] Retrying task index 0
[debug] [2025-11-13T01:03:40.704Z] Checked if tokens are valid: true, expires at: 1762999172400
[debug] [2025-11-13T01:03:40.705Z] Checked if tokens are valid: true, expires at: 1762999172400
[debug] [2025-11-13T01:03:40.705Z] >>> [apiv2][query] GET https://cloudfunctions.googleapis.com/v1/operations/cHJvamVjdHMvY2F0Y2gtNzJiMDkvbG9jYXRpb25zL3VzLWNlbnRyYWwxL29wZXJhdGlvbnMvb3BlcmF0aW9uLTE3NjI5OTU3NzE5NDYtNjQzNmY3MGJhMzY4Zi04MDUxYWIzNi1hMWE3ZjQwYw [none]
[debug] [2025-11-13T01:03:41.058Z] <<< [apiv2][status] GET https://cloudfunctions.googleapis.com/v1/operations/cHJvamVjdHMvY2F0Y2gtNzJiMDkvbG9jYXRpb25zL3VzLWNlbnRyYWwxL29wZXJhdGlvbnMvb3BlcmF0aW9uLTE3NjI5OTU3NzE5NDYtNjQzNmY3MGJhMzY4Zi04MDUxYWIzNi1hMWE3ZjQwYw 200
[debug] [2025-11-13T01:03:41.059Z] <<< [apiv2][body] GET https://cloudfunctions.googleapis.com/v1/operations/cHJvamVjdHMvY2F0Y2gtNzJiMDkvbG9jYXRpb25zL3VzLWNlbnRyYWwxL29wZXJhdGlvbnMvb3BlcmF0aW9uLTE3NjI5OTU3NzE5NDYtNjQzNmY3MGJhMzY4Zi04MDUxYWIzNi1hMWE3ZjQwYw {"name":"operations/cHJvamVjdHMvY2F0Y2gtNzJiMDkvbG9jYXRpb25zL3VzLWNlbnRyYWwxL29wZXJhdGlvbnMvb3BlcmF0aW9uLTE3NjI5OTU3NzE5NDYtNjQzNmY3MGJhMzY4Zi04MDUxYWIzNi1hMWE3ZjQwYw","metadata":{"@type":"type.googleapis.com/google.cloud.functions.v1.OperationMetadataV1","target":"projects/catch-72b09/locations/us-central1/functions/validateCatch","type":"CREATE_FUNCTION","request":{"@type":"type.googleapis.com/google.cloud.functions.v1.CloudFunction","name":"projects/catch-72b09/locations/us-central1/functions/validateCatch","httpsTrigger":{"securityLevel":"SECURE_ALWAYS"},"entryPoint":"validateCatch","updateTime":"1970-01-01T00:00:00Z","labels":{"deployment-tool":"cli-firebase","deployment-callable":"true","firebase-functions-hash":"ed85ac13d05ca3a5b68a9093028400ff186fa9b9"},"sourceUploadUrl":"https://storage.googleapis.com/uploads-156506351207.us-central1.cloudfunctions.appspot.com/671f6d68-2a08-4b12-a236-d4b1f61d910c.zip?GoogleAccessId=service-155445952805@gcf-admin-robot.iam.gserviceaccount.com&Expires=1762997571&Signature=DTEyIkthUx7PcvUYcX22BW8dokBBykkwP80X8QDYRQ1O6i3z1wiNg6fFOlJUVew4iOJdFV7%2B23W8lEuLs9RSVglDOxAnsput%2FBFcAIaSDYkYw8uy1coNwqPf070XcoXuBMefrmPEmIl135abMSaikAN7Hy%2B5comHX9woeKzh%2FdjCXykDZSa8%2BQTUBeKJ4Q0esKXr34Dl1ejfDM4EibTm5cTbKJDSXQg%2FYnhR3JVtQbQG3rweGZVJZN1x%2FDQaq6FYYp%2FWa%2Fu6P%2BLBfza8F7zn3E5E5NlGJDqUqNILZYEJc9i749GwpCZUUZP9oOGjWAhaBc9fkbZGU2LAalxFp3LrTw%3D%3D","environmentVariables":{"FIREBASE_CONFIG":"{\"projectId\":\"catch-72b09\",\"storageBucket\":\"catch-72b09.firebasestorage.app\"}","GCLOUD_PROJECT":"catch-72b09","EVENTARC_CLOUD_EVENT_SOURCE":"projects/catch-72b09/locations/us-central1/functions/validateCatch"},"runtime":"nodejs20","buildEnvironmentVariables":{"GOOGLE_NODE_RUN_SCRIPTS":""},"dockerRegistry":"ARTIFACT_REGISTRY"},"versionId":"1","updateTime":"2025-11-13T01:02:53.316184873Z","buildId":"2a7f9c50-0532-43b8-aecd-7dc22ee035e6","buildName":"projects/155445952805/locations/us-central1/builds/2a7f9c50-0532-43b8-aecd-7dc22ee035e6"}}
[debug] [2025-11-13T01:03:51.061Z] [create-default-us-central1-validateCatch] Retrying task index 0
[debug] [2025-11-13T01:03:51.062Z] Checked if tokens are valid: true, expires at: 1762999172400
[debug] [2025-11-13T01:03:51.063Z] Checked if tokens are valid: true, expires at: 1762999172400
[debug] [2025-11-13T01:03:51.063Z] >>> [apiv2][query] GET https://cloudfunctions.googleapis.com/v1/operations/cHJvamVjdHMvY2F0Y2gtNzJiMDkvbG9jYXRpb25zL3VzLWNlbnRyYWwxL29wZXJhdGlvbnMvb3BlcmF0aW9uLTE3NjI5OTU3NzE5NDYtNjQzNmY3MGJhMzY4Zi04MDUxYWIzNi1hMWE3ZjQwYw [none]
[debug] [2025-11-13T01:03:51.343Z] <<< [apiv2][status] GET https://cloudfunctions.googleapis.com/v1/operations/cHJvamVjdHMvY2F0Y2gtNzJiMDkvbG9jYXRpb25zL3VzLWNlbnRyYWwxL29wZXJhdGlvbnMvb3BlcmF0aW9uLTE3NjI5OTU3NzE5NDYtNjQzNmY3MGJhMzY4Zi04MDUxYWIzNi1hMWE3ZjQwYw 200
[debug] [2025-11-13T01:03:51.344Z] <<< [apiv2][body] GET https://cloudfunctions.googleapis.com/v1/operations/cHJvamVjdHMvY2F0Y2gtNzJiMDkvbG9jYXRpb25zL3VzLWNlbnRyYWwxL29wZXJhdGlvbnMvb3BlcmF0aW9uLTE3NjI5OTU3NzE5NDYtNjQzNmY3MGJhMzY4Zi04MDUxYWIzNi1hMWE3ZjQwYw {"name":"operations/cHJvamVjdHMvY2F0Y2gtNzJiMDkvbG9jYXRpb25zL3VzLWNlbnRyYWwxL29wZXJhdGlvbnMvb3BlcmF0aW9uLTE3NjI5OTU3NzE5NDYtNjQzNmY3MGJhMzY4Zi04MDUxYWIzNi1hMWE3ZjQwYw","metadata":{"@type":"type.googleapis.com/google.cloud.functions.v1.OperationMetadataV1","target":"projects/catch-72b09/locations/us-central1/functions/validateCatch","type":"CREATE_FUNCTION","request":{"@type":"type.googleapis.com/google.cloud.functions.v1.CloudFunction","name":"projects/catch-72b09/locations/us-central1/functions/validateCatch","httpsTrigger":{"securityLevel":"SECURE_ALWAYS"},"entryPoint":"validateCatch","updateTime":"1970-01-01T00:00:00Z","labels":{"deployment-tool":"cli-firebase","deployment-callable":"true","firebase-functions-hash":"ed85ac13d05ca3a5b68a9093028400ff186fa9b9"},"sourceUploadUrl":"https://storage.googleapis.com/uploads-156506351207.us-central1.cloudfunctions.appspot.com/671f6d68-2a08-4b12-a236-d4b1f61d910c.zip?GoogleAccessId=service-155445952805@gcf-admin-robot.iam.gserviceaccount.com&Expires=1762997571&Signature=DTEyIkthUx7PcvUYcX22BW8dokBBykkwP80X8QDYRQ1O6i3z1wiNg6fFOlJUVew4iOJdFV7%2B23W8lEuLs9RSVglDOxAnsput%2FBFcAIaSDYkYw8uy1coNwqPf070XcoXuBMefrmPEmIl135abMSaikAN7Hy%2B5comHX9woeKzh%2FdjCXykDZSa8%2BQTUBeKJ4Q0esKXr34Dl1ejfDM4EibTm5cTbKJDSXQg%2FYnhR3JVtQbQG3rweGZVJZN1x%2FDQaq6FYYp%2FWa%2Fu6P%2BLBfza8F7zn3E5E5NlGJDqUqNILZYEJc9i749GwpCZUUZP9oOGjWAhaBc9fkbZGU2LAalxFp3LrTw%3D%3D","environmentVariables":{"FIREBASE_CONFIG":"{\"projectId\":\"catch-72b09\",\"storageBucket\":\"catch-72b09.firebasestorage.app\"}","GCLOUD_PROJECT":"catch-72b09","EVENTARC_CLOUD_EVENT_SOURCE":"projects/catch-72b09/locations/us-central1/functions/validateCatch"},"runtime":"nodejs20","buildEnvironmentVariables":{"GOOGLE_NODE_RUN_SCRIPTS":""},"dockerRegistry":"ARTIFACT_REGISTRY"},"versionId":"1","updateTime":"2025-11-13T01:02:53.316184873Z","buildId":"2a7f9c50-0532-43b8-aecd-7dc22ee035e6","buildName":"projects/155445952805/locations/us-central1/builds/2a7f9c50-0532-43b8-aecd-7dc22ee035e6"}}
[debug] [2025-11-13T01:04:01.345Z] [create-default-us-central1-validateCatch] Retrying task index 0
[debug] [2025-11-13T01:04:01.346Z] Checked if tokens are valid: true, expires at: 1762999172400
[debug] [2025-11-13T01:04:01.346Z] Checked if tokens are valid: true, expires at: 1762999172400
[debug] [2025-11-13T01:04:01.346Z] >>> [apiv2][query] GET https://cloudfunctions.googleapis.com/v1/operations/cHJvamVjdHMvY2F0Y2gtNzJiMDkvbG9jYXRpb25zL3VzLWNlbnRyYWwxL29wZXJhdGlvbnMvb3BlcmF0aW9uLTE3NjI5OTU3NzE5NDYtNjQzNmY3MGJhMzY4Zi04MDUxYWIzNi1hMWE3ZjQwYw [none]
[debug] [2025-11-13T01:04:01.642Z] <<< [apiv2][status] GET https://cloudfunctions.googleapis.com/v1/operations/cHJvamVjdHMvY2F0Y2gtNzJiMDkvbG9jYXRpb25zL3VzLWNlbnRyYWwxL29wZXJhdGlvbnMvb3BlcmF0aW9uLTE3NjI5OTU3NzE5NDYtNjQzNmY3MGJhMzY4Zi04MDUxYWIzNi1hMWE3ZjQwYw 200
[debug] [2025-11-13T01:04:01.643Z] <<< [apiv2][body] GET https://cloudfunctions.googleapis.com/v1/operations/cHJvamVjdHMvY2F0Y2gtNzJiMDkvbG9jYXRpb25zL3VzLWNlbnRyYWwxL29wZXJhdGlvbnMvb3BlcmF0aW9uLTE3NjI5OTU3NzE5NDYtNjQzNmY3MGJhMzY4Zi04MDUxYWIzNi1hMWE3ZjQwYw {"name":"operations/cHJvamVjdHMvY2F0Y2gtNzJiMDkvbG9jYXRpb25zL3VzLWNlbnRyYWwxL29wZXJhdGlvbnMvb3BlcmF0aW9uLTE3NjI5OTU3NzE5NDYtNjQzNmY3MGJhMzY4Zi04MDUxYWIzNi1hMWE3ZjQwYw","metadata":{"@type":"type.googleapis.com/google.cloud.functions.v1.OperationMetadataV1","target":"projects/catch-72b09/locations/us-central1/functions/validateCatch","type":"CREATE_FUNCTION","request":{"@type":"type.googleapis.com/google.cloud.functions.v1.CloudFunction","name":"projects/catch-72b09/locations/us-central1/functions/validateCatch","httpsTrigger":{"securityLevel":"SECURE_ALWAYS"},"entryPoint":"validateCatch","updateTime":"1970-01-01T00:00:00Z","labels":{"deployment-tool":"cli-firebase","deployment-callable":"true","firebase-functions-hash":"ed85ac13d05ca3a5b68a9093028400ff186fa9b9"},"sourceUploadUrl":"https://storage.googleapis.com/uploads-156506351207.us-central1.cloudfunctions.appspot.com/671f6d68-2a08-4b12-a236-d4b1f61d910c.zip?GoogleAccessId=service-155445952805@gcf-admin-robot.iam.gserviceaccount.com&Expires=1762997571&Signature=DTEyIkthUx7PcvUYcX22BW8dokBBykkwP80X8QDYRQ1O6i3z1wiNg6fFOlJUVew4iOJdFV7%2B23W8lEuLs9RSVglDOxAnsput%2FBFcAIaSDYkYw8uy1coNwqPf070XcoXuBMefrmPEmIl135abMSaikAN7Hy%2B5comHX9woeKzh%2FdjCXykDZSa8%2BQTUBeKJ4Q0esKXr34Dl1ejfDM4EibTm5cTbKJDSXQg%2FYnhR3JVtQbQG3rweGZVJZN1x%2FDQaq6FYYp%2FWa%2Fu6P%2BLBfza8F7zn3E5E5NlGJDqUqNILZYEJc9i749GwpCZUUZP9oOGjWAhaBc9fkbZGU2LAalxFp3LrTw%3D%3D","environmentVariables":{"FIREBASE_CONFIG":"{\"projectId\":\"catch-72b09\",\"storageBucket\":\"catch-72b09.firebasestorage.app\"}","GCLOUD_PROJECT":"catch-72b09","EVENTARC_CLOUD_EVENT_SOURCE":"projects/catch-72b09/locations/us-central1/functions/validateCatch"},"runtime":"nodejs20","buildEnvironmentVariables":{"GOOGLE_NODE_RUN_SCRIPTS":""},"dockerRegistry":"ARTIFACT_REGISTRY"},"versionId":"1","updateTime":"2025-11-13T01:02:53.316184873Z","buildId":"2a7f9c50-0532-43b8-aecd-7dc22ee035e6","buildName":"projects/155445952805/locations/us-central1/builds/2a7f9c50-0532-43b8-aecd-7dc22ee035e6"}}
[debug] [2025-11-13T01:04:11.645Z] [create-default-us-central1-validateCatch] Retrying task index 0
[debug] [2025-11-13T01:04:11.646Z] Checked if tokens are valid: true, expires at: 1762999172400
[debug] [2025-11-13T01:04:11.646Z] Checked if tokens are valid: true, expires at: 1762999172400
[debug] [2025-11-13T01:04:11.646Z] >>> [apiv2][query] GET https://cloudfunctions.googleapis.com/v1/operations/cHJvamVjdHMvY2F0Y2gtNzJiMDkvbG9jYXRpb25zL3VzLWNlbnRyYWwxL29wZXJhdGlvbnMvb3BlcmF0aW9uLTE3NjI5OTU3NzE5NDYtNjQzNmY3MGJhMzY4Zi04MDUxYWIzNi1hMWE3ZjQwYw [none]
[debug] [2025-11-13T01:04:11.917Z] <<< [apiv2][status] GET https://cloudfunctions.googleapis.com/v1/operations/cHJvamVjdHMvY2F0Y2gtNzJiMDkvbG9jYXRpb25zL3VzLWNlbnRyYWwxL29wZXJhdGlvbnMvb3BlcmF0aW9uLTE3NjI5OTU3NzE5NDYtNjQzNmY3MGJhMzY4Zi04MDUxYWIzNi1hMWE3ZjQwYw 200
[debug] [2025-11-13T01:04:11.917Z] <<< [apiv2][body] GET https://cloudfunctions.googleapis.com/v1/operations/cHJvamVjdHMvY2F0Y2gtNzJiMDkvbG9jYXRpb25zL3VzLWNlbnRyYWwxL29wZXJhdGlvbnMvb3BlcmF0aW9uLTE3NjI5OTU3NzE5NDYtNjQzNmY3MGJhMzY4Zi04MDUxYWIzNi1hMWE3ZjQwYw {"name":"operations/cHJvamVjdHMvY2F0Y2gtNzJiMDkvbG9jYXRpb25zL3VzLWNlbnRyYWwxL29wZXJhdGlvbnMvb3BlcmF0aW9uLTE3NjI5OTU3NzE5NDYtNjQzNmY3MGJhMzY4Zi04MDUxYWIzNi1hMWE3ZjQwYw","metadata":{"@type":"type.googleapis.com/google.cloud.functions.v1.OperationMetadataV1","target":"projects/catch-72b09/locations/us-central1/functions/validateCatch","type":"CREATE_FUNCTION","request":{"@type":"type.googleapis.com/google.cloud.functions.v1.CloudFunction","name":"projects/catch-72b09/locations/us-central1/functions/validateCatch","httpsTrigger":{"securityLevel":"SECURE_ALWAYS"},"entryPoint":"validateCatch","updateTime":"1970-01-01T00:00:00Z","labels":{"deployment-tool":"cli-firebase","deployment-callable":"true","firebase-functions-hash":"ed85ac13d05ca3a5b68a9093028400ff186fa9b9"},"sourceUploadUrl":"https://storage.googleapis.com/uploads-156506351207.us-central1.cloudfunctions.appspot.com/671f6d68-2a08-4b12-a236-d4b1f61d910c.zip?GoogleAccessId=service-155445952805@gcf-admin-robot.iam.gserviceaccount.com&Expires=1762997571&Signature=DTEyIkthUx7PcvUYcX22BW8dokBBykkwP80X8QDYRQ1O6i3z1wiNg6fFOlJUVew4iOJdFV7%2B23W8lEuLs9RSVglDOxAnsput%2FBFcAIaSDYkYw8uy1coNwqPf070XcoXuBMefrmPEmIl135abMSaikAN7Hy%2B5comHX9woeKzh%2FdjCXykDZSa8%2BQTUBeKJ4Q0esKXr34Dl1ejfDM4EibTm5cTbKJDSXQg%2FYnhR3JVtQbQG3rweGZVJZN1x%2FDQaq6FYYp%2FWa%2Fu6P%2BLBfza8F7zn3E5E5NlGJDqUqNILZYEJc9i749GwpCZUUZP9oOGjWAhaBc9fkbZGU2LAalxFp3LrTw%3D%3D","environmentVariables":{"FIREBASE_CONFIG":"{\"projectId\":\"catch-72b09\",\"storageBucket\":\"catch-72b09.firebasestorage.app\"}","GCLOUD_PROJECT":"catch-72b09","EVENTARC_CLOUD_EVENT_SOURCE":"projects/catch-72b09/locations/us-central1/functions/validateCatch"},"runtime":"nodejs20","buildEnvironmentVariables":{"GOOGLE_NODE_RUN_SCRIPTS":""},"dockerRegistry":"ARTIFACT_REGISTRY"},"versionId":"1","updateTime":"2025-11-13T01:02:53.316184873Z","buildId":"2a7f9c50-0532-43b8-aecd-7dc22ee035e6","buildName":"projects/155445952805/locations/us-central1/builds/2a7f9c50-0532-43b8-aecd-7dc22ee035e6"}}
[debug] [2025-11-13T01:04:21.918Z] [create-default-us-central1-validateCatch] Retrying task index 0
[debug] [2025-11-13T01:04:21.920Z] Checked if tokens are valid: true, expires at: 1762999172400
[debug] [2025-11-13T01:04:21.920Z] Checked if tokens are valid: true, expires at: 1762999172400
[debug] [2025-11-13T01:04:21.921Z] >>> [apiv2][query] GET https://cloudfunctions.googleapis.com/v1/operations/cHJvamVjdHMvY2F0Y2gtNzJiMDkvbG9jYXRpb25zL3VzLWNlbnRyYWwxL29wZXJhdGlvbnMvb3BlcmF0aW9uLTE3NjI5OTU3NzE5NDYtNjQzNmY3MGJhMzY4Zi04MDUxYWIzNi1hMWE3ZjQwYw [none]
[debug] [2025-11-13T01:04:22.213Z] <<< [apiv2][status] GET https://cloudfunctions.googleapis.com/v1/operations/cHJvamVjdHMvY2F0Y2gtNzJiMDkvbG9jYXRpb25zL3VzLWNlbnRyYWwxL29wZXJhdGlvbnMvb3BlcmF0aW9uLTE3NjI5OTU3NzE5NDYtNjQzNmY3MGJhMzY4Zi04MDUxYWIzNi1hMWE3ZjQwYw 200
[debug] [2025-11-13T01:04:22.214Z] <<< [apiv2][body] GET https://cloudfunctions.googleapis.com/v1/operations/cHJvamVjdHMvY2F0Y2gtNzJiMDkvbG9jYXRpb25zL3VzLWNlbnRyYWwxL29wZXJhdGlvbnMvb3BlcmF0aW9uLTE3NjI5OTU3NzE5NDYtNjQzNmY3MGJhMzY4Zi04MDUxYWIzNi1hMWE3ZjQwYw {"name":"operations/cHJvamVjdHMvY2F0Y2gtNzJiMDkvbG9jYXRpb25zL3VzLWNlbnRyYWwxL29wZXJhdGlvbnMvb3BlcmF0aW9uLTE3NjI5OTU3NzE5NDYtNjQzNmY3MGJhMzY4Zi04MDUxYWIzNi1hMWE3ZjQwYw","metadata":{"@type":"type.googleapis.com/google.cloud.functions.v1.OperationMetadataV1","target":"projects/catch-72b09/locations/us-central1/functions/validateCatch","type":"CREATE_FUNCTION","request":{"@type":"type.googleapis.com/google.cloud.functions.v1.CloudFunction","name":"projects/catch-72b09/locations/us-central1/functions/validateCatch","httpsTrigger":{"securityLevel":"SECURE_ALWAYS"},"entryPoint":"validateCatch","updateTime":"1970-01-01T00:00:00Z","labels":{"deployment-tool":"cli-firebase","deployment-callable":"true","firebase-functions-hash":"ed85ac13d05ca3a5b68a9093028400ff186fa9b9"},"sourceUploadUrl":"https://storage.googleapis.com/uploads-156506351207.us-central1.cloudfunctions.appspot.com/671f6d68-2a08-4b12-a236-d4b1f61d910c.zip?GoogleAccessId=service-155445952805@gcf-admin-robot.iam.gserviceaccount.com&Expires=1762997571&Signature=DTEyIkthUx7PcvUYcX22BW8dokBBykkwP80X8QDYRQ1O6i3z1wiNg6fFOlJUVew4iOJdFV7%2B23W8lEuLs9RSVglDOxAnsput%2FBFcAIaSDYkYw8uy1coNwqPf070XcoXuBMefrmPEmIl135abMSaikAN7Hy%2B5comHX9woeKzh%2FdjCXykDZSa8%2BQTUBeKJ4Q0esKXr34Dl1ejfDM4EibTm5cTbKJDSXQg%2FYnhR3JVtQbQG3rweGZVJZN1x%2FDQaq6FYYp%2FWa%2Fu6P%2BLBfza8F7zn3E5E5NlGJDqUqNILZYEJc9i749GwpCZUUZP9oOGjWAhaBc9fkbZGU2LAalxFp3LrTw%3D%3D","environmentVariables":{"FIREBASE_CONFIG":"{\"projectId\":\"catch-72b09\",\"storageBucket\":\"catch-72b09.firebasestorage.app\"}","GCLOUD_PROJECT":"catch-72b09","EVENTARC_CLOUD_EVENT_SOURCE":"projects/catch-72b09/locations/us-central1/functions/validateCatch"},"runtime":"nodejs20","buildEnvironmentVariables":{"GOOGLE_NODE_RUN_SCRIPTS":""},"dockerRegistry":"ARTIFACT_REGISTRY"},"versionId":"1","updateTime":"2025-11-13T01:02:53.316184873Z","buildId":"2a7f9c50-0532-43b8-aecd-7dc22ee035e6","sourceToken":"c5d6e7ee-7e2c-4dcf-946a-0da0494e43c9","buildName":"projects/155445952805/locations/us-central1/builds/2a7f9c50-0532-43b8-aecd-7dc22ee035e6"}}
[debug] [2025-11-13T01:04:22.215Z] Got source token c5d6e7ee-7e2c-4dcf-946a-0da0494e43c9 for region us-central1
[debug] [2025-11-13T01:04:32.218Z] [create-default-us-central1-validateCatch] Retrying task index 0
[debug] [2025-11-13T01:04:32.220Z] Checked if tokens are valid: true, expires at: 1762999172400
[debug] [2025-11-13T01:04:32.220Z] Checked if tokens are valid: true, expires at: 1762999172400
[debug] [2025-11-13T01:04:32.221Z] >>> [apiv2][query] GET https://cloudfunctions.googleapis.com/v1/operations/cHJvamVjdHMvY2F0Y2gtNzJiMDkvbG9jYXRpb25zL3VzLWNlbnRyYWwxL29wZXJhdGlvbnMvb3BlcmF0aW9uLTE3NjI5OTU3NzE5NDYtNjQzNmY3MGJhMzY4Zi04MDUxYWIzNi1hMWE3ZjQwYw [none]
[debug] [2025-11-13T01:04:32.373Z] <<< [apiv2][status] GET https://cloudfunctions.googleapis.com/v1/operations/cHJvamVjdHMvY2F0Y2gtNzJiMDkvbG9jYXRpb25zL3VzLWNlbnRyYWwxL29wZXJhdGlvbnMvb3BlcmF0aW9uLTE3NjI5OTU3NzE5NDYtNjQzNmY3MGJhMzY4Zi04MDUxYWIzNi1hMWE3ZjQwYw 200
[debug] [2025-11-13T01:04:32.374Z] <<< [apiv2][body] GET https://cloudfunctions.googleapis.com/v1/operations/cHJvamVjdHMvY2F0Y2gtNzJiMDkvbG9jYXRpb25zL3VzLWNlbnRyYWwxL29wZXJhdGlvbnMvb3BlcmF0aW9uLTE3NjI5OTU3NzE5NDYtNjQzNmY3MGJhMzY4Zi04MDUxYWIzNi1hMWE3ZjQwYw {"name":"operations/cHJvamVjdHMvY2F0Y2gtNzJiMDkvbG9jYXRpb25zL3VzLWNlbnRyYWwxL29wZXJhdGlvbnMvb3BlcmF0aW9uLTE3NjI5OTU3NzE5NDYtNjQzNmY3MGJhMzY4Zi04MDUxYWIzNi1hMWE3ZjQwYw","metadata":{"@type":"type.googleapis.com/google.cloud.functions.v1.OperationMetadataV1","target":"projects/catch-72b09/locations/us-central1/functions/validateCatch","type":"CREATE_FUNCTION","request":{"@type":"type.googleapis.com/google.cloud.functions.v1.CloudFunction","name":"projects/catch-72b09/locations/us-central1/functions/validateCatch","httpsTrigger":{"securityLevel":"SECURE_ALWAYS"},"entryPoint":"validateCatch","updateTime":"1970-01-01T00:00:00Z","labels":{"deployment-tool":"cli-firebase","deployment-callable":"true","firebase-functions-hash":"ed85ac13d05ca3a5b68a9093028400ff186fa9b9"},"sourceUploadUrl":"https://storage.googleapis.com/uploads-156506351207.us-central1.cloudfunctions.appspot.com/671f6d68-2a08-4b12-a236-d4b1f61d910c.zip?GoogleAccessId=service-155445952805@gcf-admin-robot.iam.gserviceaccount.com&Expires=1762997571&Signature=DTEyIkthUx7PcvUYcX22BW8dokBBykkwP80X8QDYRQ1O6i3z1wiNg6fFOlJUVew4iOJdFV7%2B23W8lEuLs9RSVglDOxAnsput%2FBFcAIaSDYkYw8uy1coNwqPf070XcoXuBMefrmPEmIl135abMSaikAN7Hy%2B5comHX9woeKzh%2FdjCXykDZSa8%2BQTUBeKJ4Q0esKXr34Dl1ejfDM4EibTm5cTbKJDSXQg%2FYnhR3JVtQbQG3rweGZVJZN1x%2FDQaq6FYYp%2FWa%2Fu6P%2BLBfza8F7zn3E5E5NlGJDqUqNILZYEJc9i749GwpCZUUZP9oOGjWAhaBc9fkbZGU2LAalxFp3LrTw%3D%3D","environmentVariables":{"FIREBASE_CONFIG":"{\"projectId\":\"catch-72b09\",\"storageBucket\":\"catch-72b09.firebasestorage.app\"}","GCLOUD_PROJECT":"catch-72b09","EVENTARC_CLOUD_EVENT_SOURCE":"projects/catch-72b09/locations/us-central1/functions/validateCatch"},"runtime":"nodejs20","buildEnvironmentVariables":{"GOOGLE_NODE_RUN_SCRIPTS":""},"dockerRegistry":"ARTIFACT_REGISTRY"},"versionId":"1","updateTime":"2025-11-13T01:02:53.316184873Z","buildId":"2a7f9c50-0532-43b8-aecd-7dc22ee035e6","sourceToken":"c5d6e7ee-7e2c-4dcf-946a-0da0494e43c9","buildName":"projects/155445952805/locations/us-central1/builds/2a7f9c50-0532-43b8-aecd-7dc22ee035e6"}}
[debug] [2025-11-13T01:04:32.374Z] Got source token c5d6e7ee-7e2c-4dcf-946a-0da0494e43c9 for region us-central1
[debug] [2025-11-13T01:04:42.376Z] [create-default-us-central1-validateCatch] Retrying task index 0
[debug] [2025-11-13T01:04:42.377Z] Checked if tokens are valid: true, expires at: 1762999172400
[debug] [2025-11-13T01:04:42.378Z] Checked if tokens are valid: true, expires at: 1762999172400
[debug] [2025-11-13T01:04:42.378Z] >>> [apiv2][query] GET https://cloudfunctions.googleapis.com/v1/operations/cHJvamVjdHMvY2F0Y2gtNzJiMDkvbG9jYXRpb25zL3VzLWNlbnRyYWwxL29wZXJhdGlvbnMvb3BlcmF0aW9uLTE3NjI5OTU3NzE5NDYtNjQzNmY3MGJhMzY4Zi04MDUxYWIzNi1hMWE3ZjQwYw [none]
[debug] [2025-11-13T01:04:42.538Z] <<< [apiv2][status] GET https://cloudfunctions.googleapis.com/v1/operations/cHJvamVjdHMvY2F0Y2gtNzJiMDkvbG9jYXRpb25zL3VzLWNlbnRyYWwxL29wZXJhdGlvbnMvb3BlcmF0aW9uLTE3NjI5OTU3NzE5NDYtNjQzNmY3MGJhMzY4Zi04MDUxYWIzNi1hMWE3ZjQwYw 200
[debug] [2025-11-13T01:04:42.538Z] <<< [apiv2][body] GET https://cloudfunctions.googleapis.com/v1/operations/cHJvamVjdHMvY2F0Y2gtNzJiMDkvbG9jYXRpb25zL3VzLWNlbnRyYWwxL29wZXJhdGlvbnMvb3BlcmF0aW9uLTE3NjI5OTU3NzE5NDYtNjQzNmY3MGJhMzY4Zi04MDUxYWIzNi1hMWE3ZjQwYw {"name":"operations/cHJvamVjdHMvY2F0Y2gtNzJiMDkvbG9jYXRpb25zL3VzLWNlbnRyYWwxL29wZXJhdGlvbnMvb3BlcmF0aW9uLTE3NjI5OTU3NzE5NDYtNjQzNmY3MGJhMzY4Zi04MDUxYWIzNi1hMWE3ZjQwYw","metadata":{"@type":"type.googleapis.com/google.cloud.functions.v1.OperationMetadataV1","target":"projects/catch-72b09/locations/us-central1/functions/validateCatch","type":"CREATE_FUNCTION","request":{"@type":"type.googleapis.com/google.cloud.functions.v1.CloudFunction","name":"projects/catch-72b09/locations/us-central1/functions/validateCatch","httpsTrigger":{"securityLevel":"SECURE_ALWAYS"},"entryPoint":"validateCatch","updateTime":"1970-01-01T00:00:00Z","labels":{"deployment-tool":"cli-firebase","deployment-callable":"true","firebase-functions-hash":"ed85ac13d05ca3a5b68a9093028400ff186fa9b9"},"sourceUploadUrl":"https://storage.googleapis.com/uploads-156506351207.us-central1.cloudfunctions.appspot.com/671f6d68-2a08-4b12-a236-d4b1f61d910c.zip?GoogleAccessId=service-155445952805@gcf-admin-robot.iam.gserviceaccount.com&Expires=1762997571&Signature=DTEyIkthUx7PcvUYcX22BW8dokBBykkwP80X8QDYRQ1O6i3z1wiNg6fFOlJUVew4iOJdFV7%2B23W8lEuLs9RSVglDOxAnsput%2FBFcAIaSDYkYw8uy1coNwqPf070XcoXuBMefrmPEmIl135abMSaikAN7Hy%2B5comHX9woeKzh%2FdjCXykDZSa8%2BQTUBeKJ4Q0esKXr34Dl1ejfDM4EibTm5cTbKJDSXQg%2FYnhR3JVtQbQG3rweGZVJZN1x%2FDQaq6FYYp%2FWa%2Fu6P%2BLBfza8F7zn3E5E5NlGJDqUqNILZYEJc9i749GwpCZUUZP9oOGjWAhaBc9fkbZGU2LAalxFp3LrTw%3D%3D","environmentVariables":{"FIREBASE_CONFIG":"{\"projectId\":\"catch-72b09\",\"storageBucket\":\"catch-72b09.firebasestorage.app\"}","GCLOUD_PROJECT":"catch-72b09","EVENTARC_CLOUD_EVENT_SOURCE":"projects/catch-72b09/locations/us-central1/functions/validateCatch"},"runtime":"nodejs20","buildEnvironmentVariables":{"GOOGLE_NODE_RUN_SCRIPTS":""},"dockerRegistry":"ARTIFACT_REGISTRY"},"versionId":"1","updateTime":"2025-11-13T01:04:36.099125765Z","buildId":"2a7f9c50-0532-43b8-aecd-7dc22ee035e6","sourceToken":"c5d6e7ee-7e2c-4dcf-946a-0da0494e43c9","buildName":"projects/155445952805/locations/us-central1/builds/2a7f9c50-0532-43b8-aecd-7dc22ee035e6"},"done":true,"response":{"@type":"type.googleapis.com/google.cloud.functions.v1.CloudFunction","name":"projects/catch-72b09/locations/us-central1/functions/validateCatch","httpsTrigger":{"url":"https://us-central1-catch-72b09.cloudfunctions.net/validateCatch","securityLevel":"SECURE_ALWAYS"},"status":"ACTIVE","entryPoint":"validateCatch","timeout":"60s","availableMemoryMb":256,"serviceAccountEmail":"catch-72b09@appspot.gserviceaccount.com","updateTime":"2025-11-13T01:02:53.312039513Z","versionId":"1","labels":{"deployment-tool":"cli-firebase","deployment-callable":"true","firebase-functions-hash":"ed85ac13d05ca3a5b68a9093028400ff186fa9b9"},"sourceUploadUrl":"https://storage.googleapis.com/uploads-156506351207.us-central1.cloudfunctions.appspot.com/671f6d68-2a08-4b12-a236-d4b1f61d910c.zip","environmentVariables":{"FIREBASE_CONFIG":"{\"projectId\":\"catch-72b09\",\"storageBucket\":\"catch-72b09.firebasestorage.app\"}","GCLOUD_PROJECT":"catch-72b09","EVENTARC_CLOUD_EVENT_SOURCE":"projects/catch-72b09/locations/us-central1/functions/validateCatch"},"runtime":"nodejs20","ingressSettings":"ALLOW_ALL","buildId":"2a7f9c50-0532-43b8-aecd-7dc22ee035e6","buildEnvironmentVariables":{"GOOGLE_NODE_RUN_SCRIPTS":""},"buildName":"projects/155445952805/locations/us-central1/builds/2a7f9c50-0532-43b8-aecd-7dc22ee035e6","dockerRegistry":"ARTIFACT_REGISTRY","automaticUpdatePolicy":{},"buildServiceAccount":"projects/catch-72b09/serviceAccounts/155445952805-compute@developer.gserviceaccount.com","satisfiesPzi":true}}
[debug] [2025-11-13T01:04:42.539Z] Got source token c5d6e7ee-7e2c-4dcf-946a-0da0494e43c9 for region us-central1
[debug] [2025-11-13T01:04:42.541Z] Checked if tokens are valid: true, expires at: 1762999172400
[debug] [2025-11-13T01:04:42.541Z] Checked if tokens are valid: true, expires at: 1762999172400
[debug] [2025-11-13T01:04:42.541Z] >>> [apiv2][query] POST https://cloudfunctions.googleapis.com/v1/projects/catch-72b09/locations/us-central1/functions/validateCatch:setIamPolicy [none]
[debug] [2025-11-13T01:04:42.541Z] >>> [apiv2][body] POST https://cloudfunctions.googleapis.com/v1/projects/catch-72b09/locations/us-central1/functions/validateCatch:setIamPolicy {"policy":{"bindings":[{"role":"roles/cloudfunctions.invoker","members":["allUsers"]}],"etag":"","version":3},"updateMask":"bindings,etag,version"}
[debug] [2025-11-13T01:04:42.897Z] <<< [apiv2][status] POST https://cloudfunctions.googleapis.com/v1/projects/catch-72b09/locations/us-central1/functions/validateCatch:setIamPolicy 200
[debug] [2025-11-13T01:04:42.897Z] <<< [apiv2][body] POST https://cloudfunctions.googleapis.com/v1/projects/catch-72b09/locations/us-central1/functions/validateCatch:setIamPolicy {"version":1,"etag":"BwZDb3dWrs0=","bindings":[{"role":"roles/cloudfunctions.invoker","members":["allUsers"]}]}
[info] ✔  functions[validateCatch(us-central1)] Successful create operation. 
[debug] [2025-11-13T01:04:42.899Z] Total Function Deployment time: 111097
[debug] [2025-11-13T01:04:42.901Z] 1 Functions Deployed
[debug] [2025-11-13T01:04:42.901Z] 0 Functions Errored
[debug] [2025-11-13T01:04:42.901Z] 0 Function Deployments Aborted
[debug] [2025-11-13T01:04:42.901Z] Average Function Deployment time: 111097
[debug] [2025-11-13T01:04:42.902Z] Checked if tokens are valid: true, expires at: 1762999172400
[debug] [2025-11-13T01:04:42.902Z] Checked if tokens are valid: true, expires at: 1762999172400
[debug] [2025-11-13T01:04:42.902Z] >>> [apiv2][query] GET https://artifactregistry.googleapis.com/v1/projects/catch-72b09/locations/us-central1/repositories/gcf-artifacts [none]
[debug] [2025-11-13T01:04:43.044Z] <<< [apiv2][status] GET https://artifactregistry.googleapis.com/v1/projects/catch-72b09/locations/us-central1/repositories/gcf-artifacts 200
[debug] [2025-11-13T01:04:43.044Z] <<< [apiv2][body] GET https://artifactregistry.googleapis.com/v1/projects/catch-72b09/locations/us-central1/repositories/gcf-artifacts {"name":"projects/catch-72b09/locations/us-central1/repositories/gcf-artifacts","format":"DOCKER","description":"This repository is created and used by Cloud Functions for storing function docker images.","labels":{"goog-managed-by":"cloudfunctions"},"createTime":"2025-11-13T01:03:06.881014Z","updateTime":"2025-11-13T01:04:14.788129Z","mode":"STANDARD_REPOSITORY","sizeBytes":"498456615","vulnerabilityScanningConfig":{"lastEnableTime":"2025-11-13T01:02:55.187204905Z","enablementState":"SCANNING_DISABLED","enablementStateReason":"API containerscanning.googleapis.com is not enabled."},"satisfiesPzi":true,"registryUri":"us-central1-docker.pkg.dev/catch-72b09/gcf-artifacts"}
[warn] ⚠  functions: No cleanup policy detected for repositories in us-central1. This may result in a small monthly bill as container images accumulate over time. 
[error] 
[error] Error: Functions successfully deployed but could not set up cleanup policy in location us-central1. Pass the --force option to automatically set up a cleanup policy or run 'firebase functions:artifacts:setpolicy' to manually set up a cleanup policy.
